Archive member included to satisfy reference by file (symbol)

/opt/st/stm32cubeide_1.8.0/plugins/com.st.stm32cube.ide.mcu.externaltools.gnu-tools-for-stm32.9-2020-q2-update.linux64_2.0.0.202105311346/tools/bin/../lib/gcc/arm-none-eabi/9.3.1/../../../../arm-none-eabi/lib/thumb/v7e-m+fp/hard/libc_nano.a(lib_a-errno.o)
                              ./Core/Src/syscalls.o (__errno)
/opt/st/stm32cubeide_1.8.0/plugins/com.st.stm32cube.ide.mcu.externaltools.gnu-tools-for-stm32.9-2020-q2-update.linux64_2.0.0.202105311346/tools/bin/../lib/gcc/arm-none-eabi/9.3.1/../../../../arm-none-eabi/lib/thumb/v7e-m+fp/hard/libc_nano.a(lib_a-exit.o)
                              /opt/st/stm32cubeide_1.8.0/plugins/com.st.stm32cube.ide.mcu.externaltools.gnu-tools-for-stm32.9-2020-q2-update.linux64_2.0.0.202105311346/tools/bin/../lib/gcc/arm-none-eabi/9.3.1/../../../../arm-none-eabi/lib/thumb/v7e-m+fp/hard/crt0.o (exit)
/opt/st/stm32cubeide_1.8.0/plugins/com.st.stm32cube.ide.mcu.externaltools.gnu-tools-for-stm32.9-2020-q2-update.linux64_2.0.0.202105311346/tools/bin/../lib/gcc/arm-none-eabi/9.3.1/../../../../arm-none-eabi/lib/thumb/v7e-m+fp/hard/libc_nano.a(lib_a-impure.o)
                              /opt/st/stm32cubeide_1.8.0/plugins/com.st.stm32cube.ide.mcu.externaltools.gnu-tools-for-stm32.9-2020-q2-update.linux64_2.0.0.202105311346/tools/bin/../lib/gcc/arm-none-eabi/9.3.1/../../../../arm-none-eabi/lib/thumb/v7e-m+fp/hard/libc_nano.a(lib_a-exit.o) (_global_impure_ptr)
/opt/st/stm32cubeide_1.8.0/plugins/com.st.stm32cube.ide.mcu.externaltools.gnu-tools-for-stm32.9-2020-q2-update.linux64_2.0.0.202105311346/tools/bin/../lib/gcc/arm-none-eabi/9.3.1/../../../../arm-none-eabi/lib/thumb/v7e-m+fp/hard/libc_nano.a(lib_a-init.o)
                              /opt/st/stm32cubeide_1.8.0/plugins/com.st.stm32cube.ide.mcu.externaltools.gnu-tools-for-stm32.9-2020-q2-update.linux64_2.0.0.202105311346/tools/bin/../lib/gcc/arm-none-eabi/9.3.1/../../../../arm-none-eabi/lib/thumb/v7e-m+fp/hard/crt0.o (__libc_init_array)
/opt/st/stm32cubeide_1.8.0/plugins/com.st.stm32cube.ide.mcu.externaltools.gnu-tools-for-stm32.9-2020-q2-update.linux64_2.0.0.202105311346/tools/bin/../lib/gcc/arm-none-eabi/9.3.1/../../../../arm-none-eabi/lib/thumb/v7e-m+fp/hard/libc_nano.a(lib_a-memcpy-stub.o)
                              ./Middlewares/Third_Party/FreeRTOS/Source/queue.o (memcpy)
/opt/st/stm32cubeide_1.8.0/plugins/com.st.stm32cube.ide.mcu.externaltools.gnu-tools-for-stm32.9-2020-q2-update.linux64_2.0.0.202105311346/tools/bin/../lib/gcc/arm-none-eabi/9.3.1/../../../../arm-none-eabi/lib/thumb/v7e-m+fp/hard/libc_nano.a(lib_a-memset.o)
                              /opt/st/stm32cubeide_1.8.0/plugins/com.st.stm32cube.ide.mcu.externaltools.gnu-tools-for-stm32.9-2020-q2-update.linux64_2.0.0.202105311346/tools/bin/../lib/gcc/arm-none-eabi/9.3.1/../../../../arm-none-eabi/lib/thumb/v7e-m+fp/hard/crt0.o (memset)

Allocating common symbols
Common symbol       size              file

defaultTaskHandle   0x4               ./Core/Src/main.o
uwTick              0x4               ./Drivers/STM32F3xx_HAL_Driver/Src/stm32f3xx_hal.o
xQueueRegistry      0x40              ./Middlewares/Third_Party/FreeRTOS/Source/queue.o
pFlash              0x20              ./Drivers/STM32F3xx_HAL_Driver/Src/stm32f3xx_hal_flash.o
htim6               0x4c              ./Core/Src/stm32f3xx_hal_timebase_tim.o
htim1               0x4c              ./Core/Src/main.o
myBinarySem01Handle
                    0x4               ./Core/Src/main.o
huart2              0x84              ./Core/Src/main.o

Discarded input sections

 .text          0x0000000000000000        0x0 /opt/st/stm32cubeide_1.8.0/plugins/com.st.stm32cube.ide.mcu.externaltools.gnu-tools-for-stm32.9-2020-q2-update.linux64_2.0.0.202105311346/tools/bin/../lib/gcc/arm-none-eabi/9.3.1/thumb/v7e-m+fp/hard/crti.o
 .data          0x0000000000000000        0x0 /opt/st/stm32cubeide_1.8.0/plugins/com.st.stm32cube.ide.mcu.externaltools.gnu-tools-for-stm32.9-2020-q2-update.linux64_2.0.0.202105311346/tools/bin/../lib/gcc/arm-none-eabi/9.3.1/thumb/v7e-m+fp/hard/crti.o
 .bss           0x0000000000000000        0x0 /opt/st/stm32cubeide_1.8.0/plugins/com.st.stm32cube.ide.mcu.externaltools.gnu-tools-for-stm32.9-2020-q2-update.linux64_2.0.0.202105311346/tools/bin/../lib/gcc/arm-none-eabi/9.3.1/thumb/v7e-m+fp/hard/crti.o
 .data          0x0000000000000000        0x4 /opt/st/stm32cubeide_1.8.0/plugins/com.st.stm32cube.ide.mcu.externaltools.gnu-tools-for-stm32.9-2020-q2-update.linux64_2.0.0.202105311346/tools/bin/../lib/gcc/arm-none-eabi/9.3.1/thumb/v7e-m+fp/hard/crtbegin.o
 .text          0x0000000000000000       0x7c /opt/st/stm32cubeide_1.8.0/plugins/com.st.stm32cube.ide.mcu.externaltools.gnu-tools-for-stm32.9-2020-q2-update.linux64_2.0.0.202105311346/tools/bin/../lib/gcc/arm-none-eabi/9.3.1/../../../../arm-none-eabi/lib/thumb/v7e-m+fp/hard/crt0.o
[...]
Memory Configuration

Name             Origin             Length             Attributes
CCMRAM           0x0000000010000000 0x0000000000001000 xrw
RAM              0x0000000020000000 0x0000000000003000 xrw
FLASH            0x0000000008000000 0x0000000000010000 xr
*default*        0x0000000000000000 0xffffffffffffffff

Linker script and memory map

LOAD /opt/st/stm32cubeide_1.8.0/plugins/com.st.stm32cube.ide.mcu.externaltools.gnu-tools-for-stm32.9-2020-q2-update.linux64_2.0.0.202105311346/tools/bin/../lib/gcc/arm-none-eabi/9.3.1/thumb/v7e-m+fp/hard/crti.o
LOAD /opt/st/stm32cubeide_1.8.0/plugins/com.st.stm32cube.ide.mcu.externaltools.gnu-tools-for-stm32.9-2020-q2-update.linux64_2.0.0.202105311346/tools/bin/../lib/gcc/arm-none-eabi/9.3.1/thumb/v7e-m+fp/hard/crtbegin.o
LOAD /opt/st/stm32cubeide_1.8.0/plugins/com.st.stm32cube.ide.mcu.externaltools.gnu-tools-for-stm32.9-2020-q2-update.linux64_2.0.0.202105311346/tools/bin/../lib/gcc/arm-none-eabi/9.3.1/../../../../arm-none-eabi/lib/thumb/v7e-m+fp/hard/crt0.o
LOAD ./Core/Src/freertos.o
LOAD ./Core/Src/main.o
LOAD ./Core/Src/stm32f3xx_hal_msp.o
LOAD ./Core/Src/stm32f3xx_hal_timebase_tim.o
LOAD ./Core/Src/stm32f3xx_it.o
LOAD ./Core/Src/syscalls.o
LOAD ./Core/Src/sysmem.o
LOAD ./Core/Src/system_stm32f3xx.o
LOAD ./Core/Startup/startup_stm32f303k8tx.o
LOAD ./Drivers/STM32F3xx_HAL_Driver/Src/stm32f3xx_hal.o
LOAD ./Drivers/STM32F3xx_HAL_Driver/Src/stm32f3xx_hal_cortex.o
LOAD ./Drivers/STM32F3xx_HAL_Driver/Src/stm32f3xx_hal_dma.o
LOAD ./Drivers/STM32F3xx_HAL_Driver/Src/stm32f3xx_hal_exti.o
LOAD ./Drivers/STM32F3xx_HAL_Driver/Src/stm32f3xx_hal_flash.o
LOAD ./Drivers/STM32F3xx_HAL_Driver/Src/stm32f3xx_hal_flash_ex.o
LOAD ./Drivers/STM32F3xx_HAL_Driver/Src/stm32f3xx_hal_gpio.o
LOAD ./Drivers/STM32F3xx_HAL_Driver/Src/stm32f3xx_hal_i2c.o
LOAD ./Drivers/STM32F3xx_HAL_Driver/Src/stm32f3xx_hal_i2c_ex.o
LOAD ./Drivers/STM32F3xx_HAL_Driver/Src/stm32f3xx_hal_pwr.o
LOAD ./Drivers/STM32F3xx_HAL_Driver/Src/stm32f3xx_hal_pwr_ex.o
LOAD ./Drivers/STM32F3xx_HAL_Driver/Src/stm32f3xx_hal_rcc.o
LOAD ./Drivers/STM32F3xx_HAL_Driver/Src/stm32f3xx_hal_rcc_ex.o
LOAD ./Drivers/STM32F3xx_HAL_Driver/Src/stm32f3xx_hal_tim.o
LOAD ./Drivers/STM32F3xx_HAL_Driver/Src/stm32f3xx_hal_tim_ex.o
LOAD ./Drivers/STM32F3xx_HAL_Driver/Src/stm32f3xx_hal_uart.o
LOAD ./Drivers/STM32F3xx_HAL_Driver/Src/stm32f3xx_hal_uart_ex.o
LOAD ./Middlewares/Third_Party/FreeRTOS/Source/CMSIS_RTOS/cmsis_os.o
LOAD ./Middlewares/Third_Party/FreeRTOS/Source/croutine.o
LOAD ./Middlewares/Third_Party/FreeRTOS/Source/event_groups.o
LOAD ./Middlewares/Third_Party/FreeRTOS/Source/list.o
LOAD ./Middlewares/Third_Party/FreeRTOS/Source/queue.o
LOAD ./Middlewares/Third_Party/FreeRTOS/Source/stream_buffer.o
LOAD ./Middlewares/Third_Party/FreeRTOS/Source/tasks.o
LOAD ./Middlewares/Third_Party/FreeRTOS/Source/timers.o
LOAD ./Middlewares/Third_Party/FreeRTOS/Source/portable/GCC/ARM_CM4F/port.o
LOAD ./Middlewares/Third_Party/FreeRTOS/Source/portable/MemMang/heap_4.o
START GROUP
LOAD /opt/st/stm32cubeide_1.8.0/plugins/com.st.stm32cube.ide.mcu.externaltools.gnu-tools-for-stm32.9-2020-q2-update.linux64_2.0.0.202105311346/tools/bin/../lib/gcc/arm-none-eabi/9.3.1/../../../../arm-none-eabi/lib/thumb/v7e-m+fp/hard/libc_nano.a
LOAD /opt/st/stm32cubeide_1.8.0/plugins/com.st.stm32cube.ide.mcu.externaltools.gnu-tools-for-stm32.9-2020-q2-update.linux64_2.0.0.202105311346/tools/bin/../lib/gcc/arm-none-eabi/9.3.1/../../../../arm-none-eabi/lib/thumb/v7e-m+fp/hard/libm.a
END GROUP
START GROUP
LOAD /opt/st/stm32cubeide_1.8.0/plugins/com.st.stm32cube.ide.mcu.externaltools.gnu-tools-for-stm32.9-2020-q2-update.linux64_2.0.0.202105311346/tools/bin/../lib/gcc/arm-none-eabi/9.3.1/thumb/v7e-m+fp/hard/libgcc.a
LOAD /opt/st/stm32cubeide_1.8.0/plugins/com.st.stm32cube.ide.mcu.externaltools.gnu-tools-for-stm32.9-2020-q2-update.linux64_2.0.0.202105311346/tools/bin/../lib/gcc/arm-none-eabi/9.3.1/../../../../arm-none-eabi/lib/thumb/v7e-m+fp/hard/libc_nano.a
END GROUP
START GROUP
LOAD /opt/st/stm32cubeide_1.8.0/plugins/com.st.stm32cube.ide.mcu.externaltools.gnu-tools-for-stm32.9-2020-q2-update.linux64_2.0.0.202105311346/tools/bin/../lib/gcc/arm-none-eabi/9.3.1/thumb/v7e-m+fp/hard/libgcc.a
LOAD /opt/st/stm32cubeide_1.8.0/plugins/com.st.stm32cube.ide.mcu.externaltools.gnu-tools-for-stm32.9-2020-q2-update.linux64_2.0.0.202105311346/tools/bin/../lib/gcc/arm-none-eabi/9.3.1/../../../../arm-none-eabi/lib/thumb/v7e-m+fp/hard/libc_nano.a
LOAD /opt/st/stm32cubeide_1.8.0/plugins/com.st.stm32cube.ide.mcu.externaltools.gnu-tools-for-stm32.9-2020-q2-update.linux64_2.0.0.202105311346/tools/bin/../lib/gcc/arm-none-eabi/9.3.1/../../../../arm-none-eabi/lib/thumb/v7e-m+fp/hard/libnosys.a
END GROUP
START GROUP
LOAD /opt/st/stm32cubeide_1.8.0/plugins/com.st.stm32cube.ide.mcu.externaltools.gnu-tools-for-stm32.9-2020-q2-update.linux64_2.0.0.202105311346/tools/bin/../lib/gcc/arm-none-eabi/9.3.1/thumb/v7e-m+fp/hard/libgcc.a
LOAD /opt/st/stm32cubeide_1.8.0/plugins/com.st.stm32cube.ide.mcu.externaltools.gnu-tools-for-stm32.9-2020-q2-update.linux64_2.0.0.202105311346/tools/bin/../lib/gcc/arm-none-eabi/9.3.1/../../../../arm-none-eabi/lib/thumb/v7e-m+fp/hard/libc_nano.a
LOAD /opt/st/stm32cubeide_1.8.0/plugins/com.st.stm32cube.ide.mcu.externaltools.gnu-tools-for-stm32.9-2020-q2-update.linux64_2.0.0.202105311346/tools/bin/../lib/gcc/arm-none-eabi/9.3.1/../../../../arm-none-eabi/lib/thumb/v7e-m+fp/hard/libnosys.a
END GROUP
LOAD /opt/st/stm32cubeide_1.8.0/plugins/com.st.stm32cube.ide.mcu.externaltools.gnu-tools-for-stm32.9-2020-q2-update.linux64_2.0.0.202105311346/tools/bin/../lib/gcc/arm-none-eabi/9.3.1/thumb/v7e-m+fp/hard/crtend.o
LOAD /opt/st/stm32cubeide_1.8.0/plugins/com.st.stm32cube.ide.mcu.externaltools.gnu-tools-for-stm32.9-2020-q2-update.linux64_2.0.0.202105311346/tools/bin/../lib/gcc/arm-none-eabi/9.3.1/thumb/v7e-m+fp/hard/crtn.o
                0x0000000020003000                _estack = (ORIGIN (RAM) + LENGTH (RAM))
                0x0000000000000200                _Min_Heap_Size = 0x200
                0x0000000000000400                _Min_Stack_Size = 0x400

.isr_vector     0x0000000008000000      0x188
                0x0000000008000000                . = ALIGN (0x4)
 *(.isr_vector)
 .isr_vector    0x0000000008000000      0x188 ./Core/Startup/startup_stm32f303k8tx.o
                0x0000000008000000                g_pfnVectors
                0x0000000008000188                . = ALIGN (0x4)

.text           0x0000000008000190     0x5748
                0x0000000008000190                . = ALIGN (0x4)
 *(.text)
 .text          0x0000000008000190       0x40 /opt/st/stm32cubeide_1.8.0/plugins/com.st.stm32cube.ide.mcu.externaltools.gnu-tools-for-stm32.9-2020-q2-update.linux64_2.0.0.202105311346/tools/bin/../lib/gcc/arm-none-eabi/9.3.1/thumb/v7e-m+fp/hard/crtbegin.o
 *(.text*)
 .text.vApplicationGetIdleTaskMemory
                0x00000000080001d0       0x34 ./Core/Src/freertos.o
                0x00000000080001d0                vApplicationGetIdleTaskMemory
 .text.main     0x0000000008000204       0x74 ./Core/Src/main.o
                0x0000000008000204                main
 .text.SystemClock_Config
                0x0000000008000278       0xb2 ./Core/Src/main.o
                0x0000000008000278                SystemClock_Config
 *fill*         0x000000000800032a        0x2 
 .text.MX_TIM1_Init
                0x000000000800032c       0xa8 ./Core/Src/main.o
 .text.MX_USART2_UART_Init
                0x00000000080003d4       0x60 ./Core/Src/main.o
 .text.MX_GPIO_Init
                0x0000000008000434       0x94 ./Core/Src/main.o
 .text.StartDefaultTask
                0x00000000080004c8       0x28 ./Core/Src/main.o
                0x00000000080004c8                StartDefaultTask
 .text.HAL_TIM_PeriodElapsedCallback
                0x00000000080004f0       0x3c ./Core/Src/main.o
                0x00000000080004f0                HAL_TIM_PeriodElapsedCallback
 .text.Error_Handler
                0x000000000800052c        0xa ./Core/Src/main.o
                0x000000000800052c                Error_Handler
 *fill*         0x0000000008000536        0x2 
 .text.HAL_MspInit
                0x0000000008000538       0x50 ./Core/Src/stm32f3xx_hal_msp.o
                0x0000000008000538                HAL_MspInit
 .text.HAL_TIM_Base_MspInit
                0x0000000008000588       0x40 ./Core/Src/stm32f3xx_hal_msp.o
                0x0000000008000588                HAL_TIM_Base_MspInit
 .text.HAL_UART_MspInit
                0x00000000080005c8       0x88 ./Core/Src/stm32f3xx_hal_msp.o
                0x00000000080005c8                HAL_UART_MspInit
 .text.HAL_InitTick
                0x0000000008000650       0xb0 ./Core/Src/stm32f3xx_hal_timebase_tim.o
                0x0000000008000650                HAL_InitTick
 .text.NMI_Handler
                0x0000000008000700        0x6 ./Core/Src/stm32f3xx_it.o
                0x0000000008000700                NMI_Handler
 .text.HardFault_Handler
                0x0000000008000706        0x6 ./Core/Src/stm32f3xx_it.o
                0x0000000008000706                HardFault_Handler
 .text.MemManage_Handler
                0x000000000800070c        0x6 ./Core/Src/stm32f3xx_it.o
                0x000000000800070c                MemManage_Handler
 .text.BusFault_Handler
                0x0000000008000712        0x6 ./Core/Src/stm32f3xx_it.o
                0x0000000008000712                BusFault_Handler
 .text.UsageFault_Handler
                0x0000000008000718        0x6 ./Core/Src/stm32f3xx_it.o
                0x0000000008000718                UsageFault_Handler
 .text.DebugMon_Handler
                0x000000000800071e        0xe ./Core/Src/stm32f3xx_it.o
                0x000000000800071e                DebugMon_Handler
 .text.TIM6_DAC1_IRQHandler
                0x000000000800072c       0x14 ./Core/Src/stm32f3xx_it.o
                0x000000000800072c                TIM6_DAC1_IRQHandler
 .text.SystemInit
                0x0000000008000740       0x24 ./Core/Src/system_stm32f3xx.o
                0x0000000008000740                SystemInit
 .text.Reset_Handler
                0x0000000008000764       0x50 ./Core/Startup/startup_stm32f303k8tx.o
                0x0000000008000764                Reset_Handler
 .text.Default_Handler
                0x00000000080007b4        0x2 ./Core/Startup/startup_stm32f303k8tx.o
                0x00000000080007b4                RTC_Alarm_IRQHandler
                0x00000000080007b4                TIM1_CC_IRQHandler
                0x00000000080007b4                PVD_IRQHandler
                0x00000000080007b4                TAMP_STAMP_IRQHandler
                0x00000000080007b4                EXTI3_IRQHandler
                0x00000000080007b4                EXTI0_IRQHandler
                0x00000000080007b4                FPU_IRQHandler
                0x00000000080007b4                CAN_TX_IRQHandler
                0x00000000080007b4                TIM1_UP_TIM16_IRQHandler
                0x00000000080007b4                ADC1_2_IRQHandler
                0x00000000080007b4                SPI1_IRQHandler
                0x00000000080007b4                CAN_SCE_IRQHandler
                0x00000000080007b4                DMA1_Channel4_IRQHandler
                0x00000000080007b4                USART3_IRQHandler
                0x00000000080007b4                DMA1_Channel7_IRQHandler
                0x00000000080007b4                TIM7_DAC2_IRQHandler
                0x00000000080007b4                CAN_RX1_IRQHandler
                0x00000000080007b4                I2C1_EV_IRQHandler
                0x00000000080007b4                DMA1_Channel6_IRQHandler
                0x00000000080007b4                TIM3_IRQHandler
                0x00000000080007b4                RCC_IRQHandler
                0x00000000080007b4                DMA1_Channel1_IRQHandler
                0x00000000080007b4                Default_Handler
                0x00000000080007b4                EXTI15_10_IRQHandler
                0x00000000080007b4                COMP2_IRQHandler
                0x00000000080007b4                EXTI9_5_IRQHandler
                0x00000000080007b4                RTC_WKUP_IRQHandler
                0x00000000080007b4                DMA1_Channel5_IRQHandler
                0x00000000080007b4                EXTI4_IRQHandler
                0x00000000080007b4                TIM1_TRG_COM_TIM17_IRQHandler
                0x00000000080007b4                DMA1_Channel3_IRQHandler
                0x00000000080007b4                WWDG_IRQHandler
                0x00000000080007b4                TIM2_IRQHandler
                0x00000000080007b4                EXTI1_IRQHandler
                0x00000000080007b4                COMP4_6_IRQHandler
                0x00000000080007b4                USART2_IRQHandler
                0x00000000080007b4                DMA1_Channel2_IRQHandler
                0x00000000080007b4                FLASH_IRQHandler
                0x00000000080007b4                USART1_IRQHandler
                0x00000000080007b4                CAN_RX0_IRQHandler
                0x00000000080007b4                I2C1_ER_IRQHandler
                0x00000000080007b4                EXTI2_TSC_IRQHandler
                0x00000000080007b4                TIM1_BRK_TIM15_IRQHandler
 *fill*         0x00000000080007b6        0x2 
 .text.HAL_Init
                0x00000000080007b8       0x2c ./Drivers/STM32F3xx_HAL_Driver/Src/stm32f3xx_hal.o
                0x00000000080007b8                HAL_Init
 .text.HAL_IncTick
                0x00000000080007e4       0x28 ./Drivers/STM32F3xx_HAL_Driver/Src/stm32f3xx_hal.o
                0x00000000080007e4                HAL_IncTick
 .text.HAL_GetTick
                0x000000000800080c       0x18 ./Drivers/STM32F3xx_HAL_Driver/Src/stm32f3xx_hal.o
                0x000000000800080c                HAL_GetTick
 .text.__NVIC_SetPriorityGrouping
                0x0000000008000824       0x48 ./Drivers/STM32F3xx_HAL_Driver/Src/stm32f3xx_hal_cortex.o
 .text.__NVIC_GetPriorityGrouping
                0x000000000800086c       0x1c ./Drivers/STM32F3xx_HAL_Driver/Src/stm32f3xx_hal_cortex.o
 .text.__NVIC_EnableIRQ
                0x0000000008000888       0x3c ./Drivers/STM32F3xx_HAL_Driver/Src/stm32f3xx_hal_cortex.o
 .text.__NVIC_SetPriority
                0x00000000080008c4       0x54 ./Drivers/STM32F3xx_HAL_Driver/Src/stm32f3xx_hal_cortex.o
 .text.NVIC_EncodePriority
                0x0000000008000918       0x66 ./Drivers/STM32F3xx_HAL_Driver/Src/stm32f3xx_hal_cortex.o
 .text.HAL_NVIC_SetPriorityGrouping
                0x000000000800097e       0x16 ./Drivers/STM32F3xx_HAL_Driver/Src/stm32f3xx_hal_cortex.o
                0x000000000800097e                HAL_NVIC_SetPriorityGrouping
 .text.HAL_NVIC_SetPriority
                0x0000000008000994       0x38 ./Drivers/STM32F3xx_HAL_Driver/Src/stm32f3xx_hal_cortex.o
                0x0000000008000994                HAL_NVIC_SetPriority
 .text.HAL_NVIC_EnableIRQ
                0x00000000080009cc       0x1c ./Drivers/STM32F3xx_HAL_Driver/Src/stm32f3xx_hal_cortex.o
                0x00000000080009cc                HAL_NVIC_EnableIRQ
 .text.HAL_GPIO_Init
                0x00000000080009e8      0x2e4 ./Drivers/STM32F3xx_HAL_Driver/Src/stm32f3xx_hal_gpio.o
                0x00000000080009e8                HAL_GPIO_Init
 .text.HAL_GPIO_WritePin
                0x0000000008000ccc       0x30 ./Drivers/STM32F3xx_HAL_Driver/Src/stm32f3xx_hal_gpio.o
                0x0000000008000ccc                HAL_GPIO_WritePin
 .text.HAL_GPIO_TogglePin
                0x0000000008000cfc       0x34 ./Drivers/STM32F3xx_HAL_Driver/Src/stm32f3xx_hal_gpio.o
                0x0000000008000cfc                HAL_GPIO_TogglePin
 .text.HAL_RCC_OscConfig
                0x0000000008000d30      0xe10 ./Drivers/STM32F3xx_HAL_Driver/Src/stm32f3xx_hal_rcc.o
                0x0000000008000d30                HAL_RCC_OscConfig
 .text.HAL_RCC_ClockConfig
                0x0000000008001b40      0x2f8 ./Drivers/STM32F3xx_HAL_Driver/Src/stm32f3xx_hal_rcc.o
                0x0000000008001b40                HAL_RCC_ClockConfig
 .text.HAL_RCC_GetSysClockFreq
                0x0000000008001e38       0xd4 ./Drivers/STM32F3xx_HAL_Driver/Src/stm32f3xx_hal_rcc.o
                0x0000000008001e38                HAL_RCC_GetSysClockFreq
 .text.HAL_RCC_GetHCLKFreq
                0x0000000008001f0c       0x18 ./Drivers/STM32F3xx_HAL_Driver/Src/stm32f3xx_hal_rcc.o
                0x0000000008001f0c                HAL_RCC_GetHCLKFreq
 .text.HAL_RCC_GetPCLK1Freq
                0x0000000008001f24       0x44 ./Drivers/STM32F3xx_HAL_Driver/Src/stm32f3xx_hal_rcc.o
                0x0000000008001f24                HAL_RCC_GetPCLK1Freq
 .text.HAL_RCC_GetPCLK2Freq
                0x0000000008001f68       0x44 ./Drivers/STM32F3xx_HAL_Driver/Src/stm32f3xx_hal_rcc.o
                0x0000000008001f68                HAL_RCC_GetPCLK2Freq
 .text.HAL_RCC_GetClockConfig
                0x0000000008001fac       0x64 ./Drivers/STM32F3xx_HAL_Driver/Src/stm32f3xx_hal_rcc.o
                0x0000000008001fac                HAL_RCC_GetClockConfig
 .text.HAL_RCCEx_PeriphCLKConfig
                0x0000000008002010      0x24c ./Drivers/STM32F3xx_HAL_Driver/Src/stm32f3xx_hal_rcc_ex.o
                0x0000000008002010                HAL_RCCEx_PeriphCLKConfig
 .text.HAL_TIM_Base_Init
                0x000000000800225c       0xae ./Drivers/STM32F3xx_HAL_Driver/Src/stm32f3xx_hal_tim.o
                0x000000000800225c                HAL_TIM_Base_Init
 *fill*         0x000000000800230a        0x2 
 .text.HAL_TIM_Base_Start_IT
                0x000000000800230c       0xb8 ./Drivers/STM32F3xx_HAL_Driver/Src/stm32f3xx_hal_tim.o
                0x000000000800230c                HAL_TIM_Base_Start_IT
 .text.HAL_TIM_IRQHandler
                0x00000000080023c4      0x23e ./Drivers/STM32F3xx_HAL_Driver/Src/stm32f3xx_hal_tim.o
                0x00000000080023c4                HAL_TIM_IRQHandler
 .text.HAL_TIM_ConfigClockSource
                0x0000000008002602      0x192 ./Drivers/STM32F3xx_HAL_Driver/Src/stm32f3xx_hal_tim.o
                0x0000000008002602                HAL_TIM_ConfigClockSource
 .text.HAL_TIM_OC_DelayElapsedCallback
                0x0000000008002794       0x14 ./Drivers/STM32F3xx_HAL_Driver/Src/stm32f3xx_hal_tim.o
                0x0000000008002794                HAL_TIM_OC_DelayElapsedCallback
 .text.HAL_TIM_IC_CaptureCallback
                0x00000000080027a8       0x14 ./Drivers/STM32F3xx_HAL_Driver/Src/stm32f3xx_hal_tim.o
                0x00000000080027a8                HAL_TIM_IC_CaptureCallback
 .text.HAL_TIM_PWM_PulseFinishedCallback
                0x00000000080027bc       0x14 ./Drivers/STM32F3xx_HAL_Driver/Src/stm32f3xx_hal_tim.o
                0x00000000080027bc                HAL_TIM_PWM_PulseFinishedCallback
 .text.HAL_TIM_TriggerCallback
                0x00000000080027d0       0x14 ./Drivers/STM32F3xx_HAL_Driver/Src/stm32f3xx_hal_tim.o
                0x00000000080027d0                HAL_TIM_TriggerCallback
 .text.TIM_Base_SetConfig
                0x00000000080027e4       0xf0 ./Drivers/STM32F3xx_HAL_Driver/Src/stm32f3xx_hal_tim.o
                0x00000000080027e4                TIM_Base_SetConfig
 .text.TIM_TI1_ConfigInputStage
                0x00000000080028d4       0x5e ./Drivers/STM32F3xx_HAL_Driver/Src/stm32f3xx_hal_tim.o
 .text.TIM_TI2_ConfigInputStage
                0x0000000008002932       0x60 ./Drivers/STM32F3xx_HAL_Driver/Src/stm32f3xx_hal_tim.o
 .text.TIM_ITRx_SetConfig
                0x0000000008002992       0x36 ./Drivers/STM32F3xx_HAL_Driver/Src/stm32f3xx_hal_tim.o
 .text.TIM_ETR_SetConfig
                0x00000000080029c8       0x40 ./Drivers/STM32F3xx_HAL_Driver/Src/stm32f3xx_hal_tim.o
                0x00000000080029c8                TIM_ETR_SetConfig
 .text.HAL_TIMEx_MasterConfigSynchronization
                0x0000000008002a08       0xdc ./Drivers/STM32F3xx_HAL_Driver/Src/stm32f3xx_hal_tim_ex.o
                0x0000000008002a08                HAL_TIMEx_MasterConfigSynchronization
 .text.HAL_TIMEx_CommutCallback
                0x0000000008002ae4       0x14 ./Drivers/STM32F3xx_HAL_Driver/Src/stm32f3xx_hal_tim_ex.o
                0x0000000008002ae4                HAL_TIMEx_CommutCallback
 .text.HAL_TIMEx_BreakCallback
                0x0000000008002af8       0x14 ./Drivers/STM32F3xx_HAL_Driver/Src/stm32f3xx_hal_tim_ex.o
                0x0000000008002af8                HAL_TIMEx_BreakCallback
 .text.HAL_TIMEx_Break2Callback
                0x0000000008002b0c       0x14 ./Drivers/STM32F3xx_HAL_Driver/Src/stm32f3xx_hal_tim_ex.o
                0x0000000008002b0c                HAL_TIMEx_Break2Callback
 .text.HAL_UART_Init
                0x0000000008002b20       0x9c ./Drivers/STM32F3xx_HAL_Driver/Src/stm32f3xx_hal_uart.o
                0x0000000008002b20                HAL_UART_Init
 .text.UART_SetConfig
                0x0000000008002bbc      0x26c ./Drivers/STM32F3xx_HAL_Driver/Src/stm32f3xx_hal_uart.o
                0x0000000008002bbc                UART_SetConfig
 .text.UART_AdvFeatureConfig
                0x0000000008002e28      0x144 ./Drivers/STM32F3xx_HAL_Driver/Src/stm32f3xx_hal_uart.o
                0x0000000008002e28                UART_AdvFeatureConfig
 .text.UART_CheckIdleState
                0x0000000008002f6c       0x92 ./Drivers/STM32F3xx_HAL_Driver/Src/stm32f3xx_hal_uart.o
                0x0000000008002f6c                UART_CheckIdleState
 .text.UART_WaitOnFlagUntilTimeout
                0x0000000008002ffe      0x188 ./Drivers/STM32F3xx_HAL_Driver/Src/stm32f3xx_hal_uart.o
                0x0000000008002ffe                UART_WaitOnFlagUntilTimeout
 .text.makeFreeRtosPriority
                0x0000000008003186       0x30 ./Middlewares/Third_Party/FreeRTOS/Source/CMSIS_RTOS/cmsis_os.o
 .text.inHandlerMode
                0x00000000080031b6       0x24 ./Middlewares/Third_Party/FreeRTOS/Source/CMSIS_RTOS/cmsis_os.o
 .text.osKernelStart
                0x00000000080031da        0xe ./Middlewares/Third_Party/FreeRTOS/Source/CMSIS_RTOS/cmsis_os.o
                0x00000000080031da                osKernelStart
 .text.osThreadCreate
                0x00000000080031e8       0x98 ./Middlewares/Third_Party/FreeRTOS/Source/CMSIS_RTOS/cmsis_os.o
                0x00000000080031e8                osThreadCreate
 .text.osSemaphoreCreate
                0x0000000008003280       0x64 ./Middlewares/Third_Party/FreeRTOS/Source/CMSIS_RTOS/cmsis_os.o
                0x0000000008003280                osSemaphoreCreate
 .text.osSemaphoreWait
                0x00000000080032e4       0x9c ./Middlewares/Third_Party/FreeRTOS/Source/CMSIS_RTOS/cmsis_os.o
                0x00000000080032e4                osSemaphoreWait
 .text.osSemaphoreRelease
                0x0000000008003380       0x6c ./Middlewares/Third_Party/FreeRTOS/Source/CMSIS_RTOS/cmsis_os.o
                0x0000000008003380                osSemaphoreRelease
 .text.vListInitialise
                0x00000000080033ec       0x40 ./Middlewares/Third_Party/FreeRTOS/Source/list.o
                0x00000000080033ec                vListInitialise
 .text.vListInitialiseItem
                0x000000000800342c       0x1a ./Middlewares/Third_Party/FreeRTOS/Source/list.o
                0x000000000800342c                vListInitialiseItem
 .text.vListInsertEnd
                0x0000000008003446       0x48 ./Middlewares/Third_Party/FreeRTOS/Source/list.o
                0x0000000008003446                vListInsertEnd
 .text.vListInsert
                0x000000000800348e       0x72 ./Middlewares/Third_Party/FreeRTOS/Source/list.o
                0x000000000800348e                vListInsert
 .text.uxListRemove
                0x0000000008003500       0x54 ./Middlewares/Third_Party/FreeRTOS/Source/list.o
                0x0000000008003500                uxListRemove
 .text.xQueueGenericReset
                0x0000000008003554       0xd0 ./Middlewares/Third_Party/FreeRTOS/Source/queue.o
                0x0000000008003554                xQueueGenericReset
 .text.xQueueGenericCreateStatic
                0x0000000008003624       0xee ./Middlewares/Third_Party/FreeRTOS/Source/queue.o
                0x0000000008003624                xQueueGenericCreateStatic
 .text.xQueueGenericCreate
                0x0000000008003712       0x7c ./Middlewares/Third_Party/FreeRTOS/Source/queue.o
                0x0000000008003712                xQueueGenericCreate
 .text.prvInitialiseNewQueue
                0x000000000800378e       0x3e ./Middlewares/Third_Party/FreeRTOS/Source/queue.o
 .text.xQueueGenericSend
                0x00000000080037cc      0x1fc ./Middlewares/Third_Party/FreeRTOS/Source/queue.o
                0x00000000080037cc                xQueueGenericSend
 .text.xQueueGiveFromISR
                0x00000000080039c8      0x11a ./Middlewares/Third_Party/FreeRTOS/Source/queue.o
                0x00000000080039c8                xQueueGiveFromISR
 *fill*         0x0000000008003ae2        0x2 
 .text.xQueueSemaphoreTake
                0x0000000008003ae4      0x218 ./Middlewares/Third_Party/FreeRTOS/Source/queue.o
                0x0000000008003ae4                xQueueSemaphoreTake
 .text.xQueueReceiveFromISR
                0x0000000008003cfc      0x100 ./Middlewares/Third_Party/FreeRTOS/Source/queue.o
                0x0000000008003cfc                xQueueReceiveFromISR
 .text.prvGetDisinheritPriorityAfterTimeout
                0x0000000008003dfc       0x30 ./Middlewares/Third_Party/FreeRTOS/Source/queue.o
 .text.prvCopyDataToQueue
                0x0000000008003e2c       0xd4 ./Middlewares/Third_Party/FreeRTOS/Source/queue.o
 .text.prvCopyDataFromQueue
                0x0000000008003f00       0x4c ./Middlewares/Third_Party/FreeRTOS/Source/queue.o
 .text.prvUnlockQueue
                0x0000000008003f4c       0xa4 ./Middlewares/Third_Party/FreeRTOS/Source/queue.o
 .text.prvIsQueueEmpty
                0x0000000008003ff0       0x2c ./Middlewares/Third_Party/FreeRTOS/Source/queue.o
 .text.prvIsQueueFull
                0x000000000800401c       0x30 ./Middlewares/Third_Party/FreeRTOS/Source/queue.o
 .text.xTaskCreateStatic
                0x000000000800404c       0xb8 ./Middlewares/Third_Party/FreeRTOS/Source/tasks.o
                0x000000000800404c                xTaskCreateStatic
 .text.xTaskCreate
                0x0000000008004104       0x8a ./Middlewares/Third_Party/FreeRTOS/Source/tasks.o
                0x0000000008004104                xTaskCreate
 .text.prvInitialiseNewTask
                0x000000000800418e       0xfe ./Middlewares/Third_Party/FreeRTOS/Source/tasks.o
 .text.prvAddNewTaskToReadyList
                0x000000000800428c       0xd4 ./Middlewares/Third_Party/FreeRTOS/Source/tasks.o
 .text.vTaskStartScheduler
                0x0000000008004360       0xc0 ./Middlewares/Third_Party/FreeRTOS/Source/tasks.o
                0x0000000008004360                vTaskStartScheduler
 .text.vTaskSuspendAll
                0x0000000008004420       0x1c ./Middlewares/Third_Party/FreeRTOS/Source/tasks.o
                0x0000000008004420                vTaskSuspendAll
 .text.xTaskResumeAll
                0x000000000800443c      0x138 ./Middlewares/Third_Party/FreeRTOS/Source/tasks.o
                0x000000000800443c                xTaskResumeAll
 .text.xTaskIncrementTick
                0x0000000008004574      0x17c ./Middlewares/Third_Party/FreeRTOS/Source/tasks.o
                0x0000000008004574                xTaskIncrementTick
 .text.vTaskSwitchContext
                0x00000000080046f0       0xb8 ./Middlewares/Third_Party/FreeRTOS/Source/tasks.o
                0x00000000080046f0                vTaskSwitchContext
 .text.vTaskPlaceOnEventList
                0x00000000080047a8       0x48 ./Middlewares/Third_Party/FreeRTOS/Source/tasks.o
                0x00000000080047a8                vTaskPlaceOnEventList
 .text.xTaskRemoveFromEventList
                0x00000000080047f0       0xc4 ./Middlewares/Third_Party/FreeRTOS/Source/tasks.o
                0x00000000080047f0                xTaskRemoveFromEventList
 .text.vTaskInternalSetTimeOutState
                0x00000000080048b4       0x2c ./Middlewares/Third_Party/FreeRTOS/Source/tasks.o
                0x00000000080048b4                vTaskInternalSetTimeOutState
 .text.xTaskCheckForTimeOut
                0x00000000080048e0       0xc4 ./Middlewares/Third_Party/FreeRTOS/Source/tasks.o
                0x00000000080048e0                xTaskCheckForTimeOut
 .text.vTaskMissedYield
                0x00000000080049a4       0x18 ./Middlewares/Third_Party/FreeRTOS/Source/tasks.o
                0x00000000080049a4                vTaskMissedYield
 .text.prvIdleTask
                0x00000000080049bc       0x30 ./Middlewares/Third_Party/FreeRTOS/Source/tasks.o
 .text.prvInitialiseTaskLists
                0x00000000080049ec       0x80 ./Middlewares/Third_Party/FreeRTOS/Source/tasks.o
 .text.prvCheckTasksWaitingTermination
                0x0000000008004a6c       0x5c ./Middlewares/Third_Party/FreeRTOS/Source/tasks.o
 .text.prvDeleteTCB
                0x0000000008004ac8       0x5e ./Middlewares/Third_Party/FreeRTOS/Source/tasks.o
 *fill*         0x0000000008004b26        0x2 
 .text.prvResetNextTaskUnblockTime
                0x0000000008004b28       0x4c ./Middlewares/Third_Party/FreeRTOS/Source/tasks.o
 .text.xTaskGetSchedulerState
                0x0000000008004b74       0x3c ./Middlewares/Third_Party/FreeRTOS/Source/tasks.o
                0x0000000008004b74                xTaskGetSchedulerState
 .text.xTaskPriorityInherit
                0x0000000008004bb0      0x10c ./Middlewares/Third_Party/FreeRTOS/Source/tasks.o
                0x0000000008004bb0                xTaskPriorityInherit
 .text.xTaskPriorityDisinherit
                0x0000000008004cbc      0x10c ./Middlewares/Third_Party/FreeRTOS/Source/tasks.o
                0x0000000008004cbc                xTaskPriorityDisinherit
 .text.vTaskPriorityDisinheritAfterTimeout
                0x0000000008004dc8      0x140 ./Middlewares/Third_Party/FreeRTOS/Source/tasks.o
                0x0000000008004dc8                vTaskPriorityDisinheritAfterTimeout
 .text.pvTaskIncrementMutexHeldCount
                0x0000000008004f08       0x28 ./Middlewares/Third_Party/FreeRTOS/Source/tasks.o
                0x0000000008004f08                pvTaskIncrementMutexHeldCount
 .text.prvAddCurrentTaskToDelayedList
                0x0000000008004f30       0xcc ./Middlewares/Third_Party/FreeRTOS/Source/tasks.o
 .text.pxPortInitialiseStack
                0x0000000008004ffc       0x68 ./Middlewares/Third_Party/FreeRTOS/Source/portable/GCC/ARM_CM4F/port.o
                0x0000000008004ffc                pxPortInitialiseStack
 .text.prvTaskExitError
                0x0000000008005064       0x58 ./Middlewares/Third_Party/FreeRTOS/Source/portable/GCC/ARM_CM4F/port.o
 *fill*         0x00000000080050bc        0x4 
 .text.SVC_Handler
                0x00000000080050c0       0x28 ./Middlewares/Third_Party/FreeRTOS/Source/portable/GCC/ARM_CM4F/port.o
                0x00000000080050c0                SVC_Handler
 .text.prvPortStartFirstTask
                0x00000000080050e8       0x28 ./Middlewares/Third_Party/FreeRTOS/Source/portable/GCC/ARM_CM4F/port.o
 .text.xPortStartScheduler
                0x0000000008005110      0x144 ./Middlewares/Third_Party/FreeRTOS/Source/portable/GCC/ARM_CM4F/port.o
                0x0000000008005110                xPortStartScheduler
 .text.vPortEnterCritical
                0x0000000008005254       0x60 ./Middlewares/Third_Party/FreeRTOS/Source/portable/GCC/ARM_CM4F/port.o
                0x0000000008005254                vPortEnterCritical
 .text.vPortExitCritical
                0x00000000080052b4       0x54 ./Middlewares/Third_Party/FreeRTOS/Source/portable/GCC/ARM_CM4F/port.o
                0x00000000080052b4                vPortExitCritical
 *fill*         0x0000000008005308        0x8 
 .text.PendSV_Handler
                0x0000000008005310       0x68 ./Middlewares/Third_Party/FreeRTOS/Source/portable/GCC/ARM_CM4F/port.o
                0x0000000008005310                PendSV_Handler
 .text.SysTick_Handler
                0x0000000008005378       0x44 ./Middlewares/Third_Party/FreeRTOS/Source/portable/GCC/ARM_CM4F/port.o
                0x0000000008005378                SysTick_Handler
 .text.vPortSetupTimerInterrupt
                0x00000000080053bc       0x48 ./Middlewares/Third_Party/FreeRTOS/Source/portable/GCC/ARM_CM4F/port.o
                0x00000000080053bc                vPortSetupTimerInterrupt
 .text.vPortEnableVFP
                0x0000000008005404       0x14 ./Middlewares/Third_Party/FreeRTOS/Source/portable/GCC/ARM_CM4F/port.o
 .text.vPortValidateInterruptPriority
                0x0000000008005418       0x80 ./Middlewares/Third_Party/FreeRTOS/Source/portable/GCC/ARM_CM4F/port.o
                0x0000000008005418                vPortValidateInterruptPriority
 .text.pvPortMalloc
                0x0000000008005498      0x188 ./Middlewares/Third_Party/FreeRTOS/Source/portable/MemMang/heap_4.o
                0x0000000008005498                pvPortMalloc
 .text.vPortFree
                0x0000000008005620       0xb4 ./Middlewares/Third_Party/FreeRTOS/Source/portable/MemMang/heap_4.o
                0x0000000008005620                vPortFree
 .text.prvHeapInit
                0x00000000080056d4       0xc4 ./Middlewares/Third_Party/FreeRTOS/Source/portable/MemMang/heap_4.o
 .text.prvInsertBlockIntoFreeList
                0x0000000008005798       0xb4 ./Middlewares/Third_Party/FreeRTOS/Source/portable/MemMang/heap_4.o
 .text.__libc_init_array
                0x000000000800584c       0x48 /opt/st/stm32cubeide_1.8.0/plugins/com.st.stm32cube.ide.mcu.externaltools.gnu-tools-for-stm32.9-2020-q2-update.linux64_2.0.0.202105311346/tools/bin/../lib/gcc/arm-none-eabi/9.3.1/../../../../arm-none-eabi/lib/thumb/v7e-m+fp/hard/libc_nano.a(lib_a-init.o)
                0x000000000800584c                __libc_init_array
 .text.memcpy   0x0000000008005894       0x1c /opt/st/stm32cubeide_1.8.0/plugins/com.st.stm32cube.ide.mcu.externaltools.gnu-tools-for-stm32.9-2020-q2-update.linux64_2.0.0.202105311346/tools/bin/../lib/gcc/arm-none-eabi/9.3.1/../../../../arm-none-eabi/lib/thumb/v7e-m+fp/hard/libc_nano.a(lib_a-memcpy-stub.o)
                0x0000000008005894                memcpy
 .text.memset   0x00000000080058b0       0x10 /opt/st/stm32cubeide_1.8.0/plugins/com.st.stm32cube.ide.mcu.externaltools.gnu-tools-for-stm32.9-2020-q2-update.linux64_2.0.0.202105311346/tools/bin/../lib/gcc/arm-none-eabi/9.3.1/../../../../arm-none-eabi/lib/thumb/v7e-m+fp/hard/libc_nano.a(lib_a-memset.o)
                0x00000000080058b0                memset
 *(.glue_7)
 .glue_7        0x00000000080058c0        0x0 linker stubs
 *(.glue_7t)
 .glue_7t       0x00000000080058c0        0x0 linker stubs
 *(.eh_frame)
 .eh_frame      0x00000000080058c0        0x0 /opt/st/stm32cubeide_1.8.0/plugins/com.st.stm32cube.ide.mcu.externaltools.gnu-tools-for-stm32.9-2020-q2-update.linux64_2.0.0.202105311346/tools/bin/../lib/gcc/arm-none-eabi/9.3.1/thumb/v7e-m+fp/hard/crtbegin.o
 *(.init)
 .init          0x00000000080058c0        0x4 /opt/st/stm32cubeide_1.8.0/plugins/com.st.stm32cube.ide.mcu.externaltools.gnu-tools-for-stm32.9-2020-q2-update.linux64_2.0.0.202105311346/tools/bin/../lib/gcc/arm-none-eabi/9.3.1/thumb/v7e-m+fp/hard/crti.o
                0x00000000080058c0                _init
 .init          0x00000000080058c4        0x8 /opt/st/stm32cubeide_1.8.0/plugins/com.st.stm32cube.ide.mcu.externaltools.gnu-tools-for-stm32.9-2020-q2-update.linux64_2.0.0.202105311346/tools/bin/../lib/gcc/arm-none-eabi/9.3.1/thumb/v7e-m+fp/hard/crtn.o
 *(.fini)
 .fini          0x00000000080058cc        0x4 /opt/st/stm32cubeide_1.8.0/plugins/com.st.stm32cube.ide.mcu.externaltools.gnu-tools-for-stm32.9-2020-q2-update.linux64_2.0.0.202105311346/tools/bin/../lib/gcc/arm-none-eabi/9.3.1/thumb/v7e-m+fp/hard/crti.o
                0x00000000080058cc                _fini
 .fini          0x00000000080058d0        0x8 /opt/st/stm32cubeide_1.8.0/plugins/com.st.stm32cube.ide.mcu.externaltools.gnu-tools-for-stm32.9-2020-q2-update.linux64_2.0.0.202105311346/tools/bin/../lib/gcc/arm-none-eabi/9.3.1/thumb/v7e-m+fp/hard/crtn.o
                0x00000000080058d8                . = ALIGN (0x4)
                0x00000000080058d8                _etext = .

.vfp11_veneer   0x00000000080058d8        0x0
 .vfp11_veneer  0x00000000080058d8        0x0 linker stubs

.v4_bx          0x00000000080058d8        0x0
 .v4_bx         0x00000000080058d8        0x0 linker stubs

.iplt           0x00000000080058d8        0x0
 .iplt          0x00000000080058d8        0x0 /opt/st/stm32cubeide_1.8.0/plugins/com.st.stm32cube.ide.mcu.externaltools.gnu-tools-for-stm32.9-2020-q2-update.linux64_2.0.0.202105311346/tools/bin/../lib/gcc/arm-none-eabi/9.3.1/thumb/v7e-m+fp/hard/crtbegin.o

.rodata         0x00000000080058d8       0x68
                0x00000000080058d8                . = ALIGN (0x4)
 *(.rodata)
 .rodata        0x00000000080058d8       0x28 ./Core/Src/main.o
 .rodata        0x0000000008005900        0x5 ./Middlewares/Third_Party/FreeRTOS/Source/tasks.o
 *(.rodata*)
 *fill*         0x0000000008005905        0x3 
 .rodata.AHBPrescTable
                0x0000000008005908       0x10 ./Core/Src/system_stm32f3xx.o
                0x0000000008005908                AHBPrescTable
 .rodata.APBPrescTable
                0x0000000008005918        0x8 ./Core/Src/system_stm32f3xx.o
                0x0000000008005918                APBPrescTable
 .rodata.aPLLMULFactorTable
                0x0000000008005920       0x10 ./Drivers/STM32F3xx_HAL_Driver/Src/stm32f3xx_hal_rcc.o
                0x0000000008005920                aPLLMULFactorTable
 .rodata.aPredivFactorTable
                0x0000000008005930       0x10 ./Drivers/STM32F3xx_HAL_Driver/Src/stm32f3xx_hal_rcc.o
                0x0000000008005930                aPredivFactorTable
                0x0000000008005940                . = ALIGN (0x4)

.rel.dyn        0x0000000008005940        0x0
 .rel.iplt      0x0000000008005940        0x0 /opt/st/stm32cubeide_1.8.0/plugins/com.st.stm32cube.ide.mcu.externaltools.gnu-tools-for-stm32.9-2020-q2-update.linux64_2.0.0.202105311346/tools/bin/../lib/gcc/arm-none-eabi/9.3.1/thumb/v7e-m+fp/hard/crtbegin.o

.ARM.extab      0x0000000008005940        0x0
                0x0000000008005940                . = ALIGN (0x4)
 *(.ARM.extab* .gnu.linkonce.armextab.*)
                0x0000000008005940                . = ALIGN (0x4)

.ARM            0x0000000008005940        0x0
                0x0000000008005940                . = ALIGN (0x4)
                0x0000000008005940                __exidx_start = .
 *(.ARM.exidx*)
                0x0000000008005940                __exidx_end = .
                0x0000000008005940                . = ALIGN (0x4)

.preinit_array  0x0000000008005940        0x0
                0x0000000008005940                . = ALIGN (0x4)
                0x0000000008005940                PROVIDE (__preinit_array_start = .)
 *(.preinit_array*)
                0x0000000008005940                PROVIDE (__preinit_array_end = .)
                0x0000000008005940                . = ALIGN (0x4)

.init_array     0x0000000008005940        0x4
                0x0000000008005940                . = ALIGN (0x4)
                0x0000000008005940                PROVIDE (__init_array_start = .)
 *(SORT_BY_NAME(.init_array.*))
 *(.init_array*)
 .init_array    0x0000000008005940        0x4 /opt/st/stm32cubeide_1.8.0/plugins/com.st.stm32cube.ide.mcu.externaltools.gnu-tools-for-stm32.9-2020-q2-update.linux64_2.0.0.202105311346/tools/bin/../lib/gcc/arm-none-eabi/9.3.1/thumb/v7e-m+fp/hard/crtbegin.o
                0x0000000008005944                PROVIDE (__init_array_end = .)
                0x0000000008005944                . = ALIGN (0x4)

.fini_array     0x0000000008005944        0x4
                0x0000000008005944                . = ALIGN (0x4)
                [!provide]                        PROVIDE (__fini_array_start = .)
 *(SORT_BY_NAME(.fini_array.*))
 *(.fini_array*)
 .fini_array    0x0000000008005944        0x4 /opt/st/stm32cubeide_1.8.0/plugins/com.st.stm32cube.ide.mcu.externaltools.gnu-tools-for-stm32.9-2020-q2-update.linux64_2.0.0.202105311346/tools/bin/../lib/gcc/arm-none-eabi/9.3.1/thumb/v7e-m+fp/hard/crtbegin.o
                [!provide]                        PROVIDE (__fini_array_end = .)
                0x0000000008005948                . = ALIGN (0x4)
                0x0000000008005948                _sidata = LOADADDR (.data)

.data           0x0000000020000000       0x10 load address 0x0000000008005948
                0x0000000020000000                . = ALIGN (0x4)
                0x0000000020000000                _sdata = .
 *(.data)
 *(.data*)
 .data.SystemCoreClock
                0x0000000020000000        0x4 ./Core/Src/system_stm32f3xx.o
                0x0000000020000000                SystemCoreClock
 .data.uwTickPrio
                0x0000000020000004        0x4 ./Drivers/STM32F3xx_HAL_Driver/Src/stm32f3xx_hal.o
                0x0000000020000004                uwTickPrio
 .data.uwTickFreq
                0x0000000020000008        0x1 ./Drivers/STM32F3xx_HAL_Driver/Src/stm32f3xx_hal.o
                0x0000000020000008                uwTickFreq
 *fill*         0x0000000020000009        0x3 
 .data.uxCriticalNesting
                0x000000002000000c        0x4 ./Middlewares/Third_Party/FreeRTOS/Source/portable/GCC/ARM_CM4F/port.o
 *(.RamFunc)
 *(.RamFunc*)
                0x0000000020000010                . = ALIGN (0x4)
                0x0000000020000010                _edata = .
                0x0000000008005958                _siccmram = LOADADDR (.ccmram)

.igot.plt       0x0000000020000010        0x0 load address 0x0000000008005958
 .igot.plt      0x0000000020000010        0x0 /opt/st/stm32cubeide_1.8.0/plugins/com.st.stm32cube.ide.mcu.externaltools.gnu-tools-for-stm32.9-2020-q2-update.linux64_2.0.0.202105311346/tools/bin/../lib/gcc/arm-none-eabi/9.3.1/thumb/v7e-m+fp/hard/crtbegin.o

.ccmram         0x0000000010000000        0x0 load address 0x0000000008005958
                0x0000000010000000                . = ALIGN (0x4)
                0x0000000010000000                _sccmram = .
 *(.ccmram)
 *(.ccmram*)
                0x0000000010000000                . = ALIGN (0x4)
                0x0000000010000000                _eccmram = .
                0x0000000010000000                . = ALIGN (0x4)

.bss            0x0000000020000010     0x10e4
                0x0000000020000010                _sbss = .
                0x0000000020000010                __bss_start__ = _sbss
 *(.bss)
 .bss           0x0000000020000010       0x1c /opt/st/stm32cubeide_1.8.0/plugins/com.st.stm32cube.ide.mcu.externaltools.gnu-tools-for-stm32.9-2020-q2-update.linux64_2.0.0.202105311346/tools/bin/../lib/gcc/arm-none-eabi/9.3.1/thumb/v7e-m+fp/hard/crtbegin.o
 *(.bss*)
 .bss.xIdleTaskTCBBuffer
                0x000000002000002c       0x54 ./Core/Src/freertos.o
 .bss.xIdleStack
                0x0000000020000080      0x200 ./Core/Src/freertos.o
 .bss.pxCurrentTCB
                0x0000000020000280        0x4 ./Middlewares/Third_Party/FreeRTOS/Source/tasks.o
                0x0000000020000280                pxCurrentTCB
 .bss.pxReadyTasksLists
                0x0000000020000284       0x8c ./Middlewares/Third_Party/FreeRTOS/Source/tasks.o
 .bss.xDelayedTaskList1
                0x0000000020000310       0x14 ./Middlewares/Third_Party/FreeRTOS/Source/tasks.o
 .bss.xDelayedTaskList2
                0x0000000020000324       0x14 ./Middlewares/Third_Party/FreeRTOS/Source/tasks.o
 .bss.pxDelayedTaskList
                0x0000000020000338        0x4 ./Middlewares/Third_Party/FreeRTOS/Source/tasks.o
 .bss.pxOverflowDelayedTaskList
                0x000000002000033c        0x4 ./Middlewares/Third_Party/FreeRTOS/Source/tasks.o
 .bss.xPendingReadyList
                0x0000000020000340       0x14 ./Middlewares/Third_Party/FreeRTOS/Source/tasks.o
 .bss.xTasksWaitingTermination
                0x0000000020000354       0x14 ./Middlewares/Third_Party/FreeRTOS/Source/tasks.o
 .bss.uxDeletedTasksWaitingCleanUp
                0x0000000020000368        0x4 ./Middlewares/Third_Party/FreeRTOS/Source/tasks.o
 .bss.xSuspendedTaskList
                0x000000002000036c       0x14 ./Middlewares/Third_Party/FreeRTOS/Source/tasks.o
 .bss.uxCurrentNumberOfTasks
                0x0000000020000380        0x4 ./Middlewares/Third_Party/FreeRTOS/Source/tasks.o
 .bss.xTickCount
                0x0000000020000384        0x4 ./Middlewares/Third_Party/FreeRTOS/Source/tasks.o
 .bss.uxTopReadyPriority
                0x0000000020000388        0x4 ./Middlewares/Third_Party/FreeRTOS/Source/tasks.o
 .bss.xSchedulerRunning
                0x000000002000038c        0x4 ./Middlewares/Third_Party/FreeRTOS/Source/tasks.o
 .bss.uxPendedTicks
                0x0000000020000390        0x4 ./Middlewares/Third_Party/FreeRTOS/Source/tasks.o
 .bss.xYieldPending
                0x0000000020000394        0x4 ./Middlewares/Third_Party/FreeRTOS/Source/tasks.o
 .bss.xNumOfOverflows
                0x0000000020000398        0x4 ./Middlewares/Third_Party/FreeRTOS/Source/tasks.o
 .bss.uxTaskNumber
                0x000000002000039c        0x4 ./Middlewares/Third_Party/FreeRTOS/Source/tasks.o
 .bss.xNextTaskUnblockTime
                0x00000000200003a0        0x4 ./Middlewares/Third_Party/FreeRTOS/Source/tasks.o
 .bss.xIdleTaskHandle
                0x00000000200003a4        0x4 ./Middlewares/Third_Party/FreeRTOS/Source/tasks.o
 .bss.uxSchedulerSuspended
                0x00000000200003a8        0x4 ./Middlewares/Third_Party/FreeRTOS/Source/tasks.o
 .bss.ucMaxSysCallPriority
                0x00000000200003ac        0x1 ./Middlewares/Third_Party/FreeRTOS/Source/portable/GCC/ARM_CM4F/port.o
 *fill*         0x00000000200003ad        0x3 
 .bss.ulMaxPRIGROUPValue
                0x00000000200003b0        0x4 ./Middlewares/Third_Party/FreeRTOS/Source/portable/GCC/ARM_CM4F/port.o
 .bss.ucHeap    0x00000000200003b4      0xc00 ./Middlewares/Third_Party/FreeRTOS/Source/portable/MemMang/heap_4.o
 .bss.xStart    0x0000000020000fb4        0x8 ./Middlewares/Third_Party/FreeRTOS/Source/portable/MemMang/heap_4.o
 .bss.pxEnd     0x0000000020000fbc        0x4 ./Middlewares/Third_Party/FreeRTOS/Source/portable/MemMang/heap_4.o
 .bss.xFreeBytesRemaining
                0x0000000020000fc0        0x4 ./Middlewares/Third_Party/FreeRTOS/Source/portable/MemMang/heap_4.o
 .bss.xMinimumEverFreeBytesRemaining
                0x0000000020000fc4        0x4 ./Middlewares/Third_Party/FreeRTOS/Source/portable/MemMang/heap_4.o
 .bss.xBlockAllocatedBit
                0x0000000020000fc8        0x4 ./Middlewares/Third_Party/FreeRTOS/Source/portable/MemMang/heap_4.o
 *(COMMON)
 COMMON         0x0000000020000fcc       0xd8 ./Core/Src/main.o
                0x0000000020000fcc                defaultTaskHandle
                0x0000000020000fd0                htim1
                0x000000002000101c                myBinarySem01Handle
                0x0000000020001020                huart2
 COMMON         0x00000000200010a4       0x4c ./Core/Src/stm32f3xx_hal_timebase_tim.o
                0x00000000200010a4                htim6
 COMMON         0x00000000200010f0        0x4 ./Drivers/STM32F3xx_HAL_Driver/Src/stm32f3xx_hal.o
                0x00000000200010f0                uwTick
                0x00000000200010f4                . = ALIGN (0x4)
                0x00000000200010f4                _ebss = .
                0x00000000200010f4                __bss_end__ = _ebss

._user_heap_stack
                0x00000000200010f4      0x604
                0x00000000200010f8                . = ALIGN (0x8)
 *fill*         0x00000000200010f4        0x4 
                [!provide]                        PROVIDE (end = .)
                0x00000000200010f8                PROVIDE (_end = .)
                0x00000000200012f8                . = (. + _Min_Heap_Size)
 *fill*         0x00000000200010f8      0x200 
                0x00000000200016f8                . = (. + _Min_Stack_Size)
 *fill*         0x00000000200012f8      0x400 
                0x00000000200016f8                . = ALIGN (0x8)

/DISCARD/
 libc.a(*)
 libm.a(*)
 libgcc.a(*)

.ARM.attributes
                0x0000000000000000       0x30
 *(.ARM.attributes)
 .ARM.attributes
                0x0000000000000000       0x1e /opt/st/stm32cubeide_1.8.0/plugins/com.st.stm32cube.ide.mcu.externaltools.gnu-tools-for-stm32.9-2020-q2-update.linux64_2.0.0.202105311346/tools/bin/../lib/gcc/arm-none-eabi/9.3.1/thumb/v7e-m+fp/hard/crti.o
 .ARM.attributes
                0x000000000000001e       0x34 /opt/st/stm32cubeide_1.8.0/plugins/com.st.stm32cube.ide.mcu.externaltools.gnu-tools-for-stm32.9-2020-q2-update.linux64_2.0.0.202105311346/tools/bin/../lib/gcc/arm-none-eabi/9.3.1/thumb/v7e-m+fp/hard/crtbegin.o
 .ARM.attributes
                0x0000000000000052       0x34 ./Core/Src/freertos.o
 .ARM.attributes
                0x0000000000000086       0x34 ./Core/Src/main.o
 .ARM.attributes
                0x00000000000000ba       0x34 ./Core/Src/stm32f3xx_hal_msp.o
 .ARM.attributes
                0x00000000000000ee       0x34 ./Core/Src/stm32f3xx_hal_timebase_tim.o
 .ARM.attributes
                0x0000000000000122       0x34 ./Core/Src/stm32f3xx_it.o
 .ARM.attributes
                0x0000000000000156       0x34 ./Core/Src/system_stm32f3xx.o
 .ARM.attributes
                0x000000000000018a       0x21 ./Core/Startup/startup_stm32f303k8tx.o
 .ARM.attributes
                0x00000000000001ab       0x34 ./Drivers/STM32F3xx_HAL_Driver/Src/stm32f3xx_hal.o
 .ARM.attributes
                0x00000000000001df       0x34 ./Drivers/STM32F3xx_HAL_Driver/Src/stm32f3xx_hal_cortex.o
 .ARM.attributes
                0x0000000000000213       0x34 ./Drivers/STM32F3xx_HAL_Driver/Src/stm32f3xx_hal_gpio.o
 .ARM.attributes
                0x0000000000000247       0x34 ./Drivers/STM32F3xx_HAL_Driver/Src/stm32f3xx_hal_rcc.o
 .ARM.attributes
                0x000000000000027b       0x34 ./Drivers/STM32F3xx_HAL_Driver/Src/stm32f3xx_hal_rcc_ex.o
 .ARM.attributes
                0x00000000000002af       0x34 ./Drivers/STM32F3xx_HAL_Driver/Src/stm32f3xx_hal_tim.o
 .ARM.attributes
                0x00000000000002e3       0x34 ./Drivers/STM32F3xx_HAL_Driver/Src/stm32f3xx_hal_tim_ex.o
 .ARM.attributes
                0x0000000000000317       0x34 ./Drivers/STM32F3xx_HAL_Driver/Src/stm32f3xx_hal_uart.o
 .ARM.attributes
                0x000000000000034b       0x34 ./Middlewares/Third_Party/FreeRTOS/Source/CMSIS_RTOS/cmsis_os.o
 .ARM.attributes
                0x000000000000037f       0x34 ./Middlewares/Third_Party/FreeRTOS/Source/list.o
 .ARM.attributes
                0x00000000000003b3       0x34 ./Middlewares/Third_Party/FreeRTOS/Source/queue.o
 .ARM.attributes
                0x00000000000003e7       0x34 ./Middlewares/Third_Party/FreeRTOS/Source/tasks.o
 .ARM.attributes
                0x000000000000041b       0x34 ./Middlewares/Third_Party/FreeRTOS/Source/portable/GCC/ARM_CM4F/port.o
 .ARM.attributes
                0x000000000000044f       0x34 ./Middlewares/Third_Party/FreeRTOS/Source/portable/MemMang/heap_4.o
 .ARM.attributes
                0x0000000000000483       0x34 /opt/st/stm32cubeide_1.8.0/plugins/com.st.stm32cube.ide.mcu.externaltools.gnu-tools-for-stm32.9-2020-q2-update.linux64_2.0.0.202105311346/tools/bin/../lib/gcc/arm-none-eabi/9.3.1/../../../../arm-none-eabi/lib/thumb/v7e-m+fp/hard/libc_nano.a(lib_a-init.o)
 .ARM.attributes
                0x00000000000004b7       0x34 /opt/st/stm32cubeide_1.8.0/plugins/com.st.stm32cube.ide.mcu.externaltools.gnu-tools-for-stm32.9-2020-q2-update.linux64_2.0.0.202105311346/tools/bin/../lib/gcc/arm-none-eabi/9.3.1/../../../../arm-none-eabi/lib/thumb/v7e-m+fp/hard/libc_nano.a(lib_a-memcpy-stub.o)
 .ARM.attributes
                0x00000000000004eb       0x34 /opt/st/stm32cubeide_1.8.0/plugins/com.st.stm32cube.ide.mcu.externaltools.gnu-tools-for-stm32.9-2020-q2-update.linux64_2.0.0.202105311346/tools/bin/../lib/gcc/arm-none-eabi/9.3.1/../../../../arm-none-eabi/lib/thumb/v7e-m+fp/hard/libc_nano.a(lib_a-memset.o)
 .ARM.attributes
                0x000000000000051f       0x1e /opt/st/stm32cubeide_1.8.0/plugins/com.st.stm32cube.ide.mcu.externaltools.gnu-tools-for-stm32.9-2020-q2-update.linux64_2.0.0.202105311346/tools/bin/../lib/gcc/arm-none-eabi/9.3.1/thumb/v7e-m+fp/hard/crtn.o
OUTPUT(FreeRTOS_LED.elf elf32-littlearm)
LOAD linker stubs
LOAD /opt/st/stm32cubeide_1.8.0/plugins/com.st.stm32cube.ide.mcu.externaltools.gnu-tools-for-stm32.9-2020-q2-update.linux64_2.0.0.202105311346/tools/bin/../lib/gcc/arm-none-eabi/9.3.1/../../../../arm-none-eabi/lib/thumb/v7e-m+fp/hard/libc.a
LOAD /opt/st/stm32cubeide_1.8.0/plugins/com.st.stm32cube.ide.mcu.externaltools.gnu-tools-for-stm32.9-2020-q2-update.linux64_2.0.0.202105311346/tools/bin/../lib/gcc/arm-none-eabi/9.3.1/../../../../arm-none-eabi/lib/thumb/v7e-m+fp/hard/libm.a
LOAD /opt/st/stm32cubeide_1.8.0/plugins/com.st.stm32cube.ide.mcu.externaltools.gnu-tools-for-stm32.9-2020-q2-update.linux64_2.0.0.202105311346/tools/bin/../lib/gcc/arm-none-eabi/9.3.1/thumb/v7e-m+fp/hard/libgcc.a

.debug_info     0x0000000000000000    0x1752f
 .debug_info    0x0000000000000000      0x370 ./Core/Src/freertos.o
 .debug_info    0x0000000000000370     0x1522 ./Core/Src/main.o
 .debug_info    0x0000000000001892      0xf09 ./Core/Src/stm32f3xx_hal_msp.o
 .debug_info    0x000000000000279b      0xa98 ./Core/Src/stm32f3xx_hal_timebase_tim.o
 .debug_info    0x0000000000003233      0x7cc ./Core/Src/stm32f3xx_it.o
 .debug_info    0x00000000000039ff      0x49a ./Core/Src/system_stm32f3xx.o
 .debug_info    0x0000000000003e99       0x22 ./Core/Startup/startup_stm32f303k8tx.o
 .debug_info    0x0000000000003ebb      0x7b3 ./Drivers/STM32F3xx_HAL_Driver/Src/stm32f3xx_hal.o
 .debug_info    0x000000000000466e      0xbdf ./Drivers/STM32F3xx_HAL_Driver/Src/stm32f3xx_hal_cortex.o
 .debug_info    0x000000000000524d      0x83d ./Drivers/STM32F3xx_HAL_Driver/Src/stm32f3xx_hal_gpio.o
 .debug_info    0x0000000000005a8a     0x15b5 ./Drivers/STM32F3xx_HAL_Driver/Src/stm32f3xx_hal_rcc.o
 .debug_info    0x000000000000703f      0x60f ./Drivers/STM32F3xx_HAL_Driver/Src/stm32f3xx_hal_rcc_ex.o
 .debug_info    0x000000000000764e     0x2cf6 ./Drivers/STM32F3xx_HAL_Driver/Src/stm32f3xx_hal_tim.o
 .debug_info    0x000000000000a344     0x163e ./Drivers/STM32F3xx_HAL_Driver/Src/stm32f3xx_hal_tim_ex.o
 .debug_info    0x000000000000b982     0x3af9 ./Drivers/STM32F3xx_HAL_Driver/Src/stm32f3xx_hal_uart.o
 .debug_info    0x000000000000f47b     0x2019 ./Middlewares/Third_Party/FreeRTOS/Source/CMSIS_RTOS/cmsis_os.o
 .debug_info    0x0000000000011494      0xb7c ./Middlewares/Third_Party/FreeRTOS/Source/list.o
 .debug_info    0x0000000000012010     0x1f3a ./Middlewares/Third_Party/FreeRTOS/Source/queue.o
 .debug_info    0x0000000000013f4a     0x247d ./Middlewares/Third_Party/FreeRTOS/Source/tasks.o
 .debug_info    0x00000000000163c7      0x4f1 ./Middlewares/Third_Party/FreeRTOS/Source/portable/GCC/ARM_CM4F/port.o
 .debug_info    0x00000000000168b8      0xc77 ./Middlewares/Third_Party/FreeRTOS/Source/portable/MemMang/heap_4.o

.debug_abbrev   0x0000000000000000     0x2f84
 .debug_abbrev  0x0000000000000000      0x11d ./Core/Src/freertos.o
 .debug_abbrev  0x000000000000011d      0x2ca ./Core/Src/main.o
 .debug_abbrev  0x00000000000003e7      0x1e4 ./Core/Src/stm32f3xx_hal_msp.o
 .debug_abbrev  0x00000000000005cb      0x1bf ./Core/Src/stm32f3xx_hal_timebase_tim.o
 .debug_abbrev  0x000000000000078a      0x176 ./Core/Src/stm32f3xx_it.o
 .debug_abbrev  0x0000000000000900      0x145 ./Core/Src/system_stm32f3xx.o
 .debug_abbrev  0x0000000000000a45       0x12 ./Core/Startup/startup_stm32f303k8tx.o
 .debug_abbrev  0x0000000000000a57      0x1ed ./Drivers/STM32F3xx_HAL_Driver/Src/stm32f3xx_hal.o
 .debug_abbrev  0x0000000000000c44      0x313 ./Drivers/STM32F3xx_HAL_Driver/Src/stm32f3xx_hal_cortex.o
 .debug_abbrev  0x0000000000000f57      0x1e8 ./Drivers/STM32F3xx_HAL_Driver/Src/stm32f3xx_hal_gpio.o
 .debug_abbrev  0x000000000000113f      0x2c4 ./Drivers/STM32F3xx_HAL_Driver/Src/stm32f3xx_hal_rcc.o
 .debug_abbrev  0x0000000000001403      0x22b ./Drivers/STM32F3xx_HAL_Driver/Src/stm32f3xx_hal_rcc_ex.o
 .debug_abbrev  0x000000000000162e      0x25e ./Drivers/STM32F3xx_HAL_Driver/Src/stm32f3xx_hal_tim.o
 .debug_abbrev  0x000000000000188c      0x266 ./Drivers/STM32F3xx_HAL_Driver/Src/stm32f3xx_hal_tim_ex.o
 .debug_abbrev  0x0000000000001af2      0x2b3 ./Drivers/STM32F3xx_HAL_Driver/Src/stm32f3xx_hal_uart.o
 .debug_abbrev  0x0000000000001da5      0x3c2 ./Middlewares/Third_Party/FreeRTOS/Source/CMSIS_RTOS/cmsis_os.o
 .debug_abbrev  0x0000000000002167      0x1f7 ./Middlewares/Third_Party/FreeRTOS/Source/list.o
 .debug_abbrev  0x000000000000235e      0x3a2 ./Middlewares/Third_Party/FreeRTOS/Source/queue.o
 .debug_abbrev  0x0000000000002700      0x380 ./Middlewares/Third_Party/FreeRTOS/Source/tasks.o
 .debug_abbrev  0x0000000000002a80      0x231 ./Middlewares/Third_Party/FreeRTOS/Source/portable/GCC/ARM_CM4F/port.o
 .debug_abbrev  0x0000000000002cb1      0x2d3 ./Middlewares/Third_Party/FreeRTOS/Source/portable/MemMang/heap_4.o

.debug_aranges  0x0000000000000000     0x1198
 .debug_aranges
                0x0000000000000000       0x20 ./Core/Src/freertos.o
 .debug_aranges
                0x0000000000000020       0x58 ./Core/Src/main.o
 .debug_aranges
                0x0000000000000078       0x40 ./Core/Src/stm32f3xx_hal_msp.o
 .debug_aranges
                0x00000000000000b8       0x30 ./Core/Src/stm32f3xx_hal_timebase_tim.o
 .debug_aranges
                0x00000000000000e8       0x50 ./Core/Src/stm32f3xx_it.o
 .debug_aranges
                0x0000000000000138       0x28 ./Core/Src/system_stm32f3xx.o
 .debug_aranges
                0x0000000000000160       0x28 ./Core/Startup/startup_stm32f303k8tx.o
 .debug_aranges
                0x0000000000000188       0xe0 ./Drivers/STM32F3xx_HAL_Driver/Src/stm32f3xx_hal.o
 .debug_aranges
                0x0000000000000268      0x100 ./Drivers/STM32F3xx_HAL_Driver/Src/stm32f3xx_hal_cortex.o
 .debug_aranges
                0x0000000000000368       0x58 ./Drivers/STM32F3xx_HAL_Driver/Src/stm32f3xx_hal_gpio.o
 .debug_aranges
                0x00000000000003c0       0x88 ./Drivers/STM32F3xx_HAL_Driver/Src/stm32f3xx_hal_rcc.o
 .debug_aranges
                0x0000000000000448       0x38 ./Drivers/STM32F3xx_HAL_Driver/Src/stm32f3xx_hal_rcc_ex.o
 .debug_aranges
                0x0000000000000480      0x3e0 ./Drivers/STM32F3xx_HAL_Driver/Src/stm32f3xx_hal_tim.o
 .debug_aranges
                0x0000000000000860      0x178 ./Drivers/STM32F3xx_HAL_Driver/Src/stm32f3xx_hal_tim_ex.o
 .debug_aranges
                0x00000000000009d8      0x228 ./Drivers/STM32F3xx_HAL_Driver/Src/stm32f3xx_hal_uart.o
 .debug_aranges
                0x0000000000000c00      0x1d8 ./Middlewares/Third_Party/FreeRTOS/Source/CMSIS_RTOS/cmsis_os.o
 .debug_aranges
                0x0000000000000dd8       0x40 ./Middlewares/Third_Party/FreeRTOS/Source/list.o
 .debug_aranges
                0x0000000000000e18      0x108 ./Middlewares/Third_Party/FreeRTOS/Source/queue.o
 .debug_aranges
                0x0000000000000f20      0x1a8 ./Middlewares/Third_Party/FreeRTOS/Source/tasks.o
 .debug_aranges
                0x00000000000010c8       0x80 ./Middlewares/Third_Party/FreeRTOS/Source/portable/GCC/ARM_CM4F/port.o
 .debug_aranges
                0x0000000000001148       0x50 ./Middlewares/Third_Party/FreeRTOS/Source/portable/MemMang/heap_4.o

.debug_ranges   0x0000000000000000     0x1080
 .debug_ranges  0x0000000000000000       0x10 ./Core/Src/freertos.o
 .debug_ranges  0x0000000000000010       0x48 ./Core/Src/main.o
 .debug_ranges  0x0000000000000058       0x30 ./Core/Src/stm32f3xx_hal_msp.o
 .debug_ranges  0x0000000000000088       0x20 ./Core/Src/stm32f3xx_hal_timebase_tim.o
 .debug_ranges  0x00000000000000a8       0x40 ./Core/Src/stm32f3xx_it.o
 .debug_ranges  0x00000000000000e8       0x18 ./Core/Src/system_stm32f3xx.o
 .debug_ranges  0x0000000000000100       0x20 ./Core/Startup/startup_stm32f303k8tx.o
 .debug_ranges  0x0000000000000120       0xd0 ./Drivers/STM32F3xx_HAL_Driver/Src/stm32f3xx_hal.o
 .debug_ranges  0x00000000000001f0       0xf0 ./Drivers/STM32F3xx_HAL_Driver/Src/stm32f3xx_hal_cortex.o
 .debug_ranges  0x00000000000002e0       0x48 ./Drivers/STM32F3xx_HAL_Driver/Src/stm32f3xx_hal_gpio.o
 .debug_ranges  0x0000000000000328       0x78 ./Drivers/STM32F3xx_HAL_Driver/Src/stm32f3xx_hal_rcc.o
 .debug_ranges  0x00000000000003a0       0x28 ./Drivers/STM32F3xx_HAL_Driver/Src/stm32f3xx_hal_rcc_ex.o
 .debug_ranges  0x00000000000003c8      0x3d0 ./Drivers/STM32F3xx_HAL_Driver/Src/stm32f3xx_hal_tim.o
 .debug_ranges  0x0000000000000798      0x168 ./Drivers/STM32F3xx_HAL_Driver/Src/stm32f3xx_hal_tim_ex.o
 .debug_ranges  0x0000000000000900      0x248 ./Drivers/STM32F3xx_HAL_Driver/Src/stm32f3xx_hal_uart.o
 .debug_ranges  0x0000000000000b48      0x1c8 ./Middlewares/Third_Party/FreeRTOS/Source/CMSIS_RTOS/cmsis_os.o
 .debug_ranges  0x0000000000000d10       0x30 ./Middlewares/Third_Party/FreeRTOS/Source/list.o
 .debug_ranges  0x0000000000000d40       0xf8 ./Middlewares/Third_Party/FreeRTOS/Source/queue.o
 .debug_ranges  0x0000000000000e38      0x198 ./Middlewares/Third_Party/FreeRTOS/Source/tasks.o
 .debug_ranges  0x0000000000000fd0       0x70 ./Middlewares/Third_Party/FreeRTOS/Source/portable/GCC/ARM_CM4F/port.o
 .debug_ranges  0x0000000000001040       0x40 ./Middlewares/Third_Party/FreeRTOS/Source/portable/MemMang/heap_4.o

.debug_macro    0x0000000000000000    0x1c52f
 .debug_macro   0x0000000000000000      0x23d ./Core/Src/freertos.o
 .debug_macro   0x000000000000023d      0xaa8 ./Core/Src/freertos.o
 .debug_macro   0x0000000000000ce5      0x174 ./Core/Src/freertos.o
 .debug_macro   0x0000000000000e59       0x22 ./Core/Src/freertos.o
 .debug_macro   0x0000000000000e7b       0x8e ./Core/Src/freertos.o
 .debug_macro   0x0000000000000f09       0x51 ./Core/Src/freertos.o
 .debug_macro   0x0000000000000f5a      0x103 ./Core/Src/freertos.o
 .debug_macro   0x000000000000105d       0x6a ./Core/Src/freertos.o
 .debug_macro   0x00000000000010c7      0x1df ./Core/Src/freertos.o
 .debug_macro   0x00000000000012a6       0xd6 ./Core/Src/freertos.o
 .debug_macro   0x000000000000137c      0x15a ./Core/Src/freertos.o
 .debug_macro   0x00000000000014d6       0xd7 ./Core/Src/freertos.o
 .debug_macro   0x00000000000015ad       0x10 ./Core/Src/freertos.o
 .debug_macro   0x00000000000015bd       0x1f ./Core/Src/freertos.o
 .debug_macro   0x00000000000015dc      0x4b7 ./Core/Src/freertos.o
 .debug_macro   0x0000000000001a93       0xb5 ./Core/Src/freertos.o
 .debug_macro   0x0000000000001b48       0x8c ./Core/Src/freertos.o
 .debug_macro   0x0000000000001bd4      0x157 ./Core/Src/freertos.o
 .debug_macro   0x0000000000001d2b       0x2e ./Core/Src/freertos.o
 .debug_macro   0x0000000000001d59       0x28 ./Core/Src/freertos.o
 .debug_macro   0x0000000000001d81       0x1c ./Core/Src/freertos.o
 .debug_macro   0x0000000000001d9d       0x22 ./Core/Src/freertos.o
 .debug_macro   0x0000000000001dbf       0xdf ./Core/Src/freertos.o
 .debug_macro   0x0000000000001e9e      0xf07 ./Core/Src/freertos.o
 .debug_macro   0x0000000000002da5    0x10be0 ./Core/Src/freertos.o
 .debug_macro   0x0000000000013985       0x6d ./Core/Src/freertos.o
 .debug_macro   0x00000000000139f2     0x3540 ./Core/Src/freertos.o
 .debug_macro   0x0000000000016f32       0x55 ./Core/Src/freertos.o
 .debug_macro   0x0000000000016f87      0x8f9 ./Core/Src/freertos.o
 .debug_macro   0x0000000000017880      0x304 ./Core/Src/freertos.o
 .debug_macro   0x0000000000017b84      0x1b6 ./Core/Src/freertos.o
 .debug_macro   0x0000000000017d3a      0x11b ./Core/Src/freertos.o
 .debug_macro   0x0000000000017e55      0x1d5 ./Core/Src/freertos.o
 .debug_macro   0x000000000001802a      0x1bc ./Core/Src/freertos.o
 .debug_macro   0x00000000000181e6       0x34 ./Core/Src/freertos.o
 .debug_macro   0x000000000001821a       0x3c ./Core/Src/freertos.o
 .debug_macro   0x0000000000018256       0x57 ./Core/Src/freertos.o
 .debug_macro   0x00000000000182ad       0xc5 ./Core/Src/freertos.o
 .debug_macro   0x0000000000018372      0x19f ./Core/Src/freertos.o
 .debug_macro   0x0000000000018511      0x22c ./Core/Src/freertos.o
 .debug_macro   0x000000000001873d       0x5b ./Core/Src/freertos.o
 .debug_macro   0x0000000000018798       0xa5 ./Core/Src/freertos.o
 .debug_macro   0x000000000001883d       0x81 ./Core/Src/freertos.o
 .debug_macro   0x00000000000188be       0xd3 ./Core/Src/freertos.o
 .debug_macro   0x0000000000018991      0xa3d ./Core/Src/freertos.o
 .debug_macro   0x00000000000193ce       0x59 ./Core/Src/freertos.o
 .debug_macro   0x0000000000019427      0x5a5 ./Core/Src/freertos.o
 .debug_macro   0x00000000000199cc       0x44 ./Core/Src/freertos.o
 .debug_macro   0x0000000000019a10      0x285 ./Core/Src/freertos.o
 .debug_macro   0x0000000000019c95       0x40 ./Core/Src/freertos.o
 .debug_macro   0x0000000000019cd5      0x288 ./Core/Src/main.o
 .debug_macro   0x0000000000019f5d       0xd6 ./Core/Src/main.o
 .debug_macro   0x000000000001a033       0x91 ./Core/Src/main.o
 .debug_macro   0x000000000001a0c4       0x8d ./Core/Src/main.o
 .debug_macro   0x000000000001a151       0x7e ./Core/Src/main.o
 .debug_macro   0x000000000001a1cf       0x19 ./Core/Src/main.o
 .debug_macro   0x000000000001a1e8       0xf2 ./Core/Src/main.o
 .debug_macro   0x000000000001a2da      0x1d5 ./Core/Src/stm32f3xx_hal_msp.o
 .debug_macro   0x000000000001a4af      0x1c6 ./Core/Src/stm32f3xx_hal_timebase_tim.o
 .debug_macro   0x000000000001a675      0x1df ./Core/Src/stm32f3xx_it.o
 .debug_macro   0x000000000001a854      0x1c6 ./Core/Src/system_stm32f3xx.o
 .debug_macro   0x000000000001aa1a      0x1ea ./Drivers/STM32F3xx_HAL_Driver/Src/stm32f3xx_hal.o
 .debug_macro   0x000000000001ac04      0x1c6 ./Drivers/STM32F3xx_HAL_Driver/Src/stm32f3xx_hal_cortex.o
 .debug_macro   0x000000000001adca      0x1cd ./Drivers/STM32F3xx_HAL_Driver/Src/stm32f3xx_hal_gpio.o
 .debug_macro   0x000000000001af97      0x1ea ./Drivers/STM32F3xx_HAL_Driver/Src/stm32f3xx_hal_rcc.o
 .debug_macro   0x000000000001b181      0x1c6 ./Drivers/STM32F3xx_HAL_Driver/Src/stm32f3xx_hal_rcc_ex.o
 .debug_macro   0x000000000001b347      0x1c7 ./Drivers/STM32F3xx_HAL_Driver/Src/stm32f3xx_hal_tim.o
 .debug_macro   0x000000000001b50e      0x1c6 ./Drivers/STM32F3xx_HAL_Driver/Src/stm32f3xx_hal_tim_ex.o
 .debug_macro   0x000000000001b6d4      0x1e3 ./Drivers/STM32F3xx_HAL_Driver/Src/stm32f3xx_hal_uart.o
 .debug_macro   0x000000000001b8b7      0x1fe ./Middlewares/Third_Party/FreeRTOS/Source/CMSIS_RTOS/cmsis_os.o
 .debug_macro   0x000000000001bab5       0x10 ./Middlewares/Third_Party/FreeRTOS/Source/CMSIS_RTOS/cmsis_os.o
 .debug_macro   0x000000000001bac5       0x20 ./Middlewares/Third_Party/FreeRTOS/Source/CMSIS_RTOS/cmsis_os.o
 .debug_macro   0x000000000001bae5       0xc7 ./Middlewares/Third_Party/FreeRTOS/Source/CMSIS_RTOS/cmsis_os.o
 .debug_macro   0x000000000001bbac      0x187 ./Middlewares/Third_Party/FreeRTOS/Source/list.o
 .debug_macro   0x000000000001bd33      0x212 ./Middlewares/Third_Party/FreeRTOS/Source/queue.o
 .debug_macro   0x000000000001bf45       0x16 ./Middlewares/Third_Party/FreeRTOS/Source/queue.o
 .debug_macro   0x000000000001bf5b      0x280 ./Middlewares/Third_Party/FreeRTOS/Source/tasks.o
 .debug_macro   0x000000000001c1db       0x10 ./Middlewares/Third_Party/FreeRTOS/Source/tasks.o
 .debug_macro   0x000000000001c1eb      0x196 ./Middlewares/Third_Party/FreeRTOS/Source/portable/GCC/ARM_CM4F/port.o
 .debug_macro   0x000000000001c381      0x1ae ./Middlewares/Third_Party/FreeRTOS/Source/portable/MemMang/heap_4.o

.debug_line     0x0000000000000000    0x14757
 .debug_line    0x0000000000000000      0x7bd ./Core/Src/freertos.o
 .debug_line    0x00000000000007bd      0x9d7 ./Core/Src/main.o
 .debug_line    0x0000000000001194      0x744 ./Core/Src/stm32f3xx_hal_msp.o
 .debug_line    0x00000000000018d8      0x71e ./Core/Src/stm32f3xx_hal_timebase_tim.o
 .debug_line    0x0000000000001ff6      0x75b ./Core/Src/stm32f3xx_it.o
 .debug_line    0x0000000000002751      0x735 ./Core/Src/system_stm32f3xx.o
 .debug_line    0x0000000000002e86       0x88 ./Core/Startup/startup_stm32f303k8tx.o
 .debug_line    0x0000000000002f0e      0x96a ./Drivers/STM32F3xx_HAL_Driver/Src/stm32f3xx_hal.o
 .debug_line    0x0000000000003878      0xb52 ./Drivers/STM32F3xx_HAL_Driver/Src/stm32f3xx_hal_cortex.o
 .debug_line    0x00000000000043ca      0xab7 ./Drivers/STM32F3xx_HAL_Driver/Src/stm32f3xx_hal_gpio.o
 .debug_line    0x0000000000004e81     0x1344 ./Drivers/STM32F3xx_HAL_Driver/Src/stm32f3xx_hal_rcc.o
 .debug_line    0x00000000000061c5      0xa0d ./Drivers/STM32F3xx_HAL_Driver/Src/stm32f3xx_hal_rcc_ex.o
 .debug_line    0x0000000000006bd2     0x3b8f ./Drivers/STM32F3xx_HAL_Driver/Src/stm32f3xx_hal_tim.o
 .debug_line    0x000000000000a761     0x19dd ./Drivers/STM32F3xx_HAL_Driver/Src/stm32f3xx_hal_tim_ex.o
 .debug_line    0x000000000000c13e     0x307e ./Drivers/STM32F3xx_HAL_Driver/Src/stm32f3xx_hal_uart.o
 .debug_line    0x000000000000f1bc     0x1197 ./Middlewares/Third_Party/FreeRTOS/Source/CMSIS_RTOS/cmsis_os.o
 .debug_line    0x0000000000010353      0x6de ./Middlewares/Third_Party/FreeRTOS/Source/list.o
 .debug_line    0x0000000000010a31     0x145b ./Middlewares/Third_Party/FreeRTOS/Source/queue.o
 .debug_line    0x0000000000011e8c     0x18a0 ./Middlewares/Third_Party/FreeRTOS/Source/tasks.o
 .debug_line    0x000000000001372c      0x78b ./Middlewares/Third_Party/FreeRTOS/Source/portable/GCC/ARM_CM4F/port.o
 .debug_line    0x0000000000013eb7      0x8a0 ./Middlewares/Third_Party/FreeRTOS/Source/portable/MemMang/heap_4.o

.debug_str      0x0000000000000000    0xac51a
 .debug_str     0x0000000000000000    0xa0bcd ./Core/Src/freertos.o
                                      0xa0e83 (size before relaxing)
 .debug_str     0x00000000000a0bcd     0x2e82 ./Core/Src/main.o
                                      0xa3d70 (size before relaxing)
 .debug_str     0x00000000000a3a4f      0x2c9 ./Core/Src/stm32f3xx_hal_msp.o
                                      0x9de88 (size before relaxing)
 .debug_str     0x00000000000a3d18       0xaa ./Core/Src/stm32f3xx_hal_timebase_tim.o
                                      0x9dbad (size before relaxing)
 .debug_str     0x00000000000a3dc2       0x92 ./Core/Src/stm32f3xx_it.o
                                      0x9d8da (size before relaxing)
 .debug_str     0x00000000000a3e54       0xbd ./Core/Src/system_stm32f3xx.o
                                      0x9d363 (size before relaxing)
 .debug_str     0x00000000000a3f11       0x36 ./Core/Startup/startup_stm32f303k8tx.o
                                         0x76 (size before relaxing)
 .debug_str     0x00000000000a3f47      0x2cc ./Drivers/STM32F3xx_HAL_Driver/Src/stm32f3xx_hal.o
                                      0x9d9b1 (size before relaxing)
 .debug_str     0x00000000000a4213      0x299 ./Drivers/STM32F3xx_HAL_Driver/Src/stm32f3xx_hal_cortex.o
                                      0x9d992 (size before relaxing)
 .debug_str     0x00000000000a44ac      0x1bd ./Drivers/STM32F3xx_HAL_Driver/Src/stm32f3xx_hal_gpio.o
                                      0x9d580 (size before relaxing)
 .debug_str     0x00000000000a4669      0x2e6 ./Drivers/STM32F3xx_HAL_Driver/Src/stm32f3xx_hal_rcc.o
                                      0x9d7d1 (size before relaxing)
 .debug_str     0x00000000000a494f       0xd8 ./Drivers/STM32F3xx_HAL_Driver/Src/stm32f3xx_hal_rcc_ex.o
                                      0x9d4e5 (size before relaxing)
 .debug_str     0x00000000000a4a27      0xdf2 ./Drivers/STM32F3xx_HAL_Driver/Src/stm32f3xx_hal_tim.o
                                      0x9e726 (size before relaxing)
 .debug_str     0x00000000000a5819      0x550 ./Drivers/STM32F3xx_HAL_Driver/Src/stm32f3xx_hal_tim_ex.o
                                      0x9df2a (size before relaxing)
 .debug_str     0x00000000000a5d69      0x87d ./Drivers/STM32F3xx_HAL_Driver/Src/stm32f3xx_hal_uart.o
                                      0x9dfe1 (size before relaxing)
 .debug_str     0x00000000000a65e6     0x3915 ./Middlewares/Third_Party/FreeRTOS/Source/CMSIS_RTOS/cmsis_os.o
                                       0xe10d (size before relaxing)
 .debug_str     0x00000000000a9efb      0x225 ./Middlewares/Third_Party/FreeRTOS/Source/list.o
                                       0xa851 (size before relaxing)
 .debug_str     0x00000000000aa120      0x7d3 ./Middlewares/Third_Party/FreeRTOS/Source/queue.o
                                       0xbf09 (size before relaxing)
 .debug_str     0x00000000000aa8f3     0x11ca ./Middlewares/Third_Party/FreeRTOS/Source/tasks.o
                                       0xca42 (size before relaxing)
 .debug_str     0x00000000000ababd      0x803 ./Middlewares/Third_Party/FreeRTOS/Source/portable/GCC/ARM_CM4F/port.o
                                       0x82c0 (size before relaxing)
 .debug_str     0x00000000000ac2c0      0x25a ./Middlewares/Third_Party/FreeRTOS/Source/portable/MemMang/heap_4.o
                                       0xaf74 (size before relaxing)

.comment        0x0000000000000000       0x53
 .comment       0x0000000000000000       0x53 ./Core/Src/freertos.o
                                         0x54 (size before relaxing)
 .comment       0x0000000000000053       0x54 ./Core/Src/main.o
 .comment       0x0000000000000053       0x54 ./Core/Src/stm32f3xx_hal_msp.o
 .comment       0x0000000000000053       0x54 ./Core/Src/stm32f3xx_hal_timebase_tim.o
 .comment       0x0000000000000053       0x54 ./Core/Src/stm32f3xx_it.o
 .comment       0x0000000000000053       0x54 ./Core/Src/system_stm32f3xx.o
 .comment       0x0000000000000053       0x54 ./Drivers/STM32F3xx_HAL_Driver/Src/stm32f3xx_hal.o
 .comment       0x0000000000000053       0x54 ./Drivers/STM32F3xx_HAL_Driver/Src/stm32f3xx_hal_cortex.o
 .comment       0x0000000000000053       0x54 ./Drivers/STM32F3xx_HAL_Driver/Src/stm32f3xx_hal_gpio.o
 .comment       0x0000000000000053       0x54 ./Drivers/STM32F3xx_HAL_Driver/Src/stm32f3xx_hal_rcc.o
 .comment       0x0000000000000053       0x54 ./Drivers/STM32F3xx_HAL_Driver/Src/stm32f3xx_hal_rcc_ex.o
 .comment       0x0000000000000053       0x54 ./Drivers/STM32F3xx_HAL_Driver/Src/stm32f3xx_hal_tim.o
 .comment       0x0000000000000053       0x54 ./Drivers/STM32F3xx_HAL_Driver/Src/stm32f3xx_hal_tim_ex.o
 .comment       0x0000000000000053       0x54 ./Drivers/STM32F3xx_HAL_Driver/Src/stm32f3xx_hal_uart.o
 .comment       0x0000000000000053       0x54 ./Middlewares/Third_Party/FreeRTOS/Source/CMSIS_RTOS/cmsis_os.o
 .comment       0x0000000000000053       0x54 ./Middlewares/Third_Party/FreeRTOS/Source/list.o
 .comment       0x0000000000000053       0x54 ./Middlewares/Third_Party/FreeRTOS/Source/queue.o
 .comment       0x0000000000000053       0x54 ./Middlewares/Third_Party/FreeRTOS/Source/tasks.o
 .comment       0x0000000000000053       0x54 ./Middlewares/Third_Party/FreeRTOS/Source/portable/GCC/ARM_CM4F/port.o
 .comment       0x0000000000000053       0x54 ./Middlewares/Third_Party/FreeRTOS/Source/portable/MemMang/heap_4.o

.debug_frame    0x0000000000000000     0x4950
 .debug_frame   0x0000000000000000       0x38 ./Core/Src/freertos.o
 .debug_frame   0x0000000000000038      0x118 ./Core/Src/main.o
 .debug_frame   0x0000000000000150       0xcc ./Core/Src/stm32f3xx_hal_msp.o
 .debug_frame   0x000000000000021c       0x74 ./Core/Src/stm32f3xx_hal_timebase_tim.o
 .debug_frame   0x0000000000000290       0xc4 ./Core/Src/stm32f3xx_it.o
 .debug_frame   0x0000000000000354       0x58 ./Core/Src/system_stm32f3xx.o
 .debug_frame   0x00000000000003ac      0x334 ./Drivers/STM32F3xx_HAL_Driver/Src/stm32f3xx_hal.o
 .debug_frame   0x00000000000006e0      0x428 ./Drivers/STM32F3xx_HAL_Driver/Src/stm32f3xx_hal_cortex.o
 .debug_frame   0x0000000000000b08      0x14c ./Drivers/STM32F3xx_HAL_Driver/Src/stm32f3xx_hal_gpio.o
 .debug_frame   0x0000000000000c54      0x214 ./Drivers/STM32F3xx_HAL_Driver/Src/stm32f3xx_hal_rcc.o
 .debug_frame   0x0000000000000e68       0xb4 ./Drivers/STM32F3xx_HAL_Driver/Src/stm32f3xx_hal_rcc_ex.o
 .debug_frame   0x0000000000000f1c     0x121c ./Drivers/STM32F3xx_HAL_Driver/Src/stm32f3xx_hal_tim.o
 .debug_frame   0x0000000000002138      0x688 ./Drivers/STM32F3xx_HAL_Driver/Src/stm32f3xx_hal_tim_ex.o
 .debug_frame   0x00000000000027c0      0x9e8 ./Drivers/STM32F3xx_HAL_Driver/Src/stm32f3xx_hal_uart.o
 .debug_frame   0x00000000000031a8      0x80c ./Middlewares/Third_Party/FreeRTOS/Source/CMSIS_RTOS/cmsis_os.o
 .debug_frame   0x00000000000039b4       0xd8 ./Middlewares/Third_Party/FreeRTOS/Source/list.o
 .debug_frame   0x0000000000003a8c      0x46c ./Middlewares/Third_Party/FreeRTOS/Source/queue.o
 .debug_frame   0x0000000000003ef8      0x734 ./Middlewares/Third_Party/FreeRTOS/Source/tasks.o
 .debug_frame   0x000000000000462c      0x1a8 ./Middlewares/Third_Party/FreeRTOS/Source/portable/GCC/ARM_CM4F/port.o
 .debug_frame   0x00000000000047d4      0x108 ./Middlewares/Third_Party/FreeRTOS/Source/portable/MemMang/heap_4.o
 .debug_frame   0x00000000000048dc       0x2c /opt/st/stm32cubeide_1.8.0/plugins/com.st.stm32cube.ide.mcu.externaltools.gnu-tools-for-stm32.9-2020-q2-update.linux64_2.0.0.202105311346/tools/bin/../lib/gcc/arm-none-eabi/9.3.1/../../../../arm-none-eabi/lib/thumb/v7e-m+fp/hard/libc_nano.a(lib_a-init.o)
 .debug_frame   0x0000000000004908       0x28 /opt/st/stm32cubeide_1.8.0/plugins/com.st.stm32cube.ide.mcu.externaltools.gnu-tools-for-stm32.9-2020-q2-update.linux64_2.0.0.202105311346/tools/bin/../lib/gcc/arm-none-eabi/9.3.1/../../../../arm-none-eabi/lib/thumb/v7e-m+fp/hard/libc_nano.a(lib_a-memcpy-stub.o)
 .debug_frame   0x0000000000004930       0x20 /opt/st/stm32cubeide_1.8.0/plugins/com.st.stm32cube.ide.mcu.externaltools.gnu-tools-for-stm32.9-2020-q2-update.linux64_2.0.0.202105311346/tools/bin/../lib/gcc/arm-none-eabi/9.3.1/../../../../arm-none-eabi/lib/thumb/v7e-m+fp/hard/libc_nano.a(lib_a-memset.o)
